Archive member included to satisfy reference by file (symbol)

C:/ST/STM32CubeIDE_1.16.1/STM32CubeIDE/plugins/com.st.stm32cube.ide.mcu.externaltools.gnu-tools-for-stm32.12.3.rel1.win32_1.0.200.202406191623/tools/bin/../lib/gcc/arm-none-eabi/12.3.1/../../../../arm-none-eabi/lib/thumb/v8-m.main+fp/hard\libc_nano.a(libc_a-exit.o)
                              C:/ST/STM32CubeIDE_1.16.1/STM32CubeIDE/plugins/com.st.stm32cube.ide.mcu.externaltools.gnu-tools-for-stm32.12.3.rel1.win32_1.0.200.202406191623/tools/bin/../lib/gcc/arm-none-eabi/12.3.1/../../../../arm-none-eabi/lib/thumb/v8-m.main+fp/hard/crt0.o (exit)
C:/ST/STM32CubeIDE_1.16.1/STM32CubeIDE/plugins/com.st.stm32cube.ide.mcu.externaltools.gnu-tools-for-stm32.12.3.rel1.win32_1.0.200.202406191623/tools/bin/../lib/gcc/arm-none-eabi/12.3.1/../../../../arm-none-eabi/lib/thumb/v8-m.main+fp/hard\libc_nano.a(libc_a-findfp.o)
                              C:/ST/STM32CubeIDE_1.16.1/STM32CubeIDE/plugins/com.st.stm32cube.ide.mcu.externaltools.gnu-tools-for-stm32.12.3.rel1.win32_1.0.200.202406191623/tools/bin/../lib/gcc/arm-none-eabi/12.3.1/../../../../arm-none-eabi/lib/thumb/v8-m.main+fp/hard\libc_nano.a(libc_a-exit.o) (__stdio_exit_handler)
C:/ST/STM32CubeIDE_1.16.1/STM32CubeIDE/plugins/com.st.stm32cube.ide.mcu.externaltools.gnu-tools-for-stm32.12.3.rel1.win32_1.0.200.202406191623/tools/bin/../lib/gcc/arm-none-eabi/12.3.1/../../../../arm-none-eabi/lib/thumb/v8-m.main+fp/hard\libc_nano.a(libc_a-fwalk.o)
                              C:/ST/STM32CubeIDE_1.16.1/STM32CubeIDE/plugins/com.st.stm32cube.ide.mcu.externaltools.gnu-tools-for-stm32.12.3.rel1.win32_1.0.200.202406191623/tools/bin/../lib/gcc/arm-none-eabi/12.3.1/../../../../arm-none-eabi/lib/thumb/v8-m.main+fp/hard\libc_nano.a(libc_a-findfp.o) (_fwalk_sglue)
C:/ST/STM32CubeIDE_1.16.1/STM32CubeIDE/plugins/com.st.stm32cube.ide.mcu.externaltools.gnu-tools-for-stm32.12.3.rel1.win32_1.0.200.202406191623/tools/bin/../lib/gcc/arm-none-eabi/12.3.1/../../../../arm-none-eabi/lib/thumb/v8-m.main+fp/hard\libc_nano.a(libc_a-stdio.o)
                              C:/ST/STM32CubeIDE_1.16.1/STM32CubeIDE/plugins/com.st.stm32cube.ide.mcu.externaltools.gnu-tools-for-stm32.12.3.rel1.win32_1.0.200.202406191623/tools/bin/../lib/gcc/arm-none-eabi/12.3.1/../../../../arm-none-eabi/lib/thumb/v8-m.main+fp/hard\libc_nano.a(libc_a-findfp.o) (__sread)
C:/ST/STM32CubeIDE_1.16.1/STM32CubeIDE/plugins/com.st.stm32cube.ide.mcu.externaltools.gnu-tools-for-stm32.12.3.rel1.win32_1.0.200.202406191623/tools/bin/../lib/gcc/arm-none-eabi/12.3.1/../../../../arm-none-eabi/lib/thumb/v8-m.main+fp/hard\libc_nano.a(libc_a-memset.o)
                              C:/ST/STM32CubeIDE_1.16.1/STM32CubeIDE/plugins/com.st.stm32cube.ide.mcu.externaltools.gnu-tools-for-stm32.12.3.rel1.win32_1.0.200.202406191623/tools/bin/../lib/gcc/arm-none-eabi/12.3.1/../../../../arm-none-eabi/lib/thumb/v8-m.main+fp/hard/crt0.o (memset)
C:/ST/STM32CubeIDE_1.16.1/STM32CubeIDE/plugins/com.st.stm32cube.ide.mcu.externaltools.gnu-tools-for-stm32.12.3.rel1.win32_1.0.200.202406191623/tools/bin/../lib/gcc/arm-none-eabi/12.3.1/../../../../arm-none-eabi/lib/thumb/v8-m.main+fp/hard\libc_nano.a(libc_a-closer.o)
                              C:/ST/STM32CubeIDE_1.16.1/STM32CubeIDE/plugins/com.st.stm32cube.ide.mcu.externaltools.gnu-tools-for-stm32.12.3.rel1.win32_1.0.200.202406191623/tools/bin/../lib/gcc/arm-none-eabi/12.3.1/../../../../arm-none-eabi/lib/thumb/v8-m.main+fp/hard\libc_nano.a(libc_a-stdio.o) (_close_r)
C:/ST/STM32CubeIDE_1.16.1/STM32CubeIDE/plugins/com.st.stm32cube.ide.mcu.externaltools.gnu-tools-for-stm32.12.3.rel1.win32_1.0.200.202406191623/tools/bin/../lib/gcc/arm-none-eabi/12.3.1/../../../../arm-none-eabi/lib/thumb/v8-m.main+fp/hard\libc_nano.a(libc_a-reent.o)
                              C:/ST/STM32CubeIDE_1.16.1/STM32CubeIDE/plugins/com.st.stm32cube.ide.mcu.externaltools.gnu-tools-for-stm32.12.3.rel1.win32_1.0.200.202406191623/tools/bin/../lib/gcc/arm-none-eabi/12.3.1/../../../../arm-none-eabi/lib/thumb/v8-m.main+fp/hard\libc_nano.a(libc_a-closer.o) (errno)
C:/ST/STM32CubeIDE_1.16.1/STM32CubeIDE/plugins/com.st.stm32cube.ide.mcu.externaltools.gnu-tools-for-stm32.12.3.rel1.win32_1.0.200.202406191623/tools/bin/../lib/gcc/arm-none-eabi/12.3.1/../../../../arm-none-eabi/lib/thumb/v8-m.main+fp/hard\libc_nano.a(libc_a-impure.o)
                              C:/ST/STM32CubeIDE_1.16.1/STM32CubeIDE/plugins/com.st.stm32cube.ide.mcu.externaltools.gnu-tools-for-stm32.12.3.rel1.win32_1.0.200.202406191623/tools/bin/../lib/gcc/arm-none-eabi/12.3.1/../../../../arm-none-eabi/lib/thumb/v8-m.main+fp/hard\libc_nano.a(libc_a-reent.o) (_impure_ptr)
C:/ST/STM32CubeIDE_1.16.1/STM32CubeIDE/plugins/com.st.stm32cube.ide.mcu.externaltools.gnu-tools-for-stm32.12.3.rel1.win32_1.0.200.202406191623/tools/bin/../lib/gcc/arm-none-eabi/12.3.1/../../../../arm-none-eabi/lib/thumb/v8-m.main+fp/hard\libc_nano.a(libc_a-lseekr.o)
[...]
Memory Configuration

Name             Origin             Length             Attributes
RAM              0x20000000         0x000a0000         xrw
FLASH            0x08000000         0x00100000         xr
*default*        0x00000000         0xffffffff

Linker script and memory map

LOAD C:/ST/STM32CubeIDE_1.16.1/STM32CubeIDE/plugins/com.st.stm32cube.ide.mcu.externaltools.gnu-tools-for-stm32.12.3.rel1.win32_1.0.200.202406191623/tools/bin/../lib/gcc/arm-none-eabi/12.3.1/thumb/v8-m.main+fp/hard/crti.o
LOAD C:/ST/STM32CubeIDE_1.16.1/STM32CubeIDE/plugins/com.st.stm32cube.ide.mcu.externaltools.gnu-tools-for-stm32.12.3.rel1.win32_1.0.200.202406191623/tools/bin/../lib/gcc/arm-none-eabi/12.3.1/thumb/v8-m.main+fp/hard/crtbegin.o
LOAD C:/ST/STM32CubeIDE_1.16.1/STM32CubeIDE/plugins/com.st.stm32cube.ide.mcu.externaltools.gnu-tools-for-stm32.12.3.rel1.win32_1.0.200.202406191623/tools/bin/../lib/gcc/arm-none-eabi/12.3.1/../../../../arm-none-eabi/lib/thumb/v8-m.main+fp/hard/crt0.o
LOAD ./Core/Src/app_freertos.o
LOAD ./Core/Src/main.o
LOAD ./Core/Src/neopixel_driver.o
LOAD ./Core/Src/stm32h5xx_hal_msp.o
LOAD ./Core/Src/stm32h5xx_hal_timebase_tim.o
LOAD ./Core/Src/stm32h5xx_it.o
LOAD ./Core/Src/syscalls.o
LOAD ./Core/Src/sysmem.o
LOAD ./Core/Src/system_stm32h5xx.o
LOAD ./Core/Startup/startup_stm32h562rgtx.o
LOAD ./Drivers/OLED/ssd1306.o
LOAD ./Drivers/OLED/ssd1306_fonts.o
LOAD ./Drivers/STM32H5xx_HAL_Driver/Src/stm32h5xx_hal.o
LOAD ./Drivers/STM32H5xx_HAL_Driver/Src/stm32h5xx_hal_cortex.o
LOAD ./Drivers/STM32H5xx_HAL_Driver/Src/stm32h5xx_hal_dma.o
LOAD ./Drivers/STM32H5xx_HAL_Driver/Src/stm32h5xx_hal_dma_ex.o
LOAD ./Drivers/STM32H5xx_HAL_Driver/Src/stm32h5xx_hal_exti.o
LOAD ./Drivers/STM32H5xx_HAL_Driver/Src/stm32h5xx_hal_flash.o
LOAD ./Drivers/STM32H5xx_HAL_Driver/Src/stm32h5xx_hal_flash_ex.o
LOAD ./Drivers/STM32H5xx_HAL_Driver/Src/stm32h5xx_hal_gpio.o
LOAD ./Drivers/STM32H5xx_HAL_Driver/Src/stm32h5xx_hal_i2c.o
LOAD ./Drivers/STM32H5xx_HAL_Driver/Src/stm32h5xx_hal_i2c_ex.o
LOAD ./Drivers/STM32H5xx_HAL_Driver/Src/stm32h5xx_hal_icache.o
LOAD ./Drivers/STM32H5xx_HAL_Driver/Src/stm32h5xx_hal_pcd.o
LOAD ./Drivers/STM32H5xx_HAL_Driver/Src/stm32h5xx_hal_pcd_ex.o
LOAD ./Drivers/STM32H5xx_HAL_Driver/Src/stm32h5xx_hal_pwr.o
LOAD ./Drivers/STM32H5xx_HAL_Driver/Src/stm32h5xx_hal_pwr_ex.o
LOAD ./Drivers/STM32H5xx_HAL_Driver/Src/stm32h5xx_hal_rcc.o
LOAD ./Drivers/STM32H5xx_HAL_Driver/Src/stm32h5xx_hal_rcc_ex.o
LOAD ./Drivers/STM32H5xx_HAL_Driver/Src/stm32h5xx_hal_tim.o
LOAD ./Drivers/STM32H5xx_HAL_Driver/Src/stm32h5xx_hal_tim_ex.o
LOAD ./Drivers/STM32H5xx_HAL_Driver/Src/stm32h5xx_hal_uart.o
LOAD ./Drivers/STM32H5xx_HAL_Driver/Src/stm32h5xx_hal_uart_ex.o
LOAD ./Drivers/STM32H5xx_HAL_Driver/Src/stm32h5xx_ll_usb.o
LOAD ./Middlewares/Third_Party/FreeRTOS/Source/CMSIS_RTOS_V2/cmsis_os2.o
LOAD ./Middlewares/Third_Party/FreeRTOS/Source/croutine.o
LOAD ./Middlewares/Third_Party/FreeRTOS/Source/event_groups.o
LOAD ./Middlewares/Third_Party/FreeRTOS/Source/list.o
LOAD ./Middlewares/Third_Party/FreeRTOS/Source/queue.o
LOAD ./Middlewares/Third_Party/FreeRTOS/Source/stream_buffer.o
LOAD ./Middlewares/Third_Party/FreeRTOS/Source/tasks.o
LOAD ./Middlewares/Third_Party/FreeRTOS/Source/timers.o
LOAD ./Middlewares/Third_Party/FreeRTOS/Source/portable/GCC/ARM_CM33_NTZ/non_secure/port.o
LOAD ./Middlewares/Third_Party/FreeRTOS/Source/portable/GCC/ARM_CM33_NTZ/non_secure/portasm.o
LOAD ./Middlewares/Third_Party/FreeRTOS/Source/portable/MemMang/heap_1.o
START GROUP
LOAD C:/ST/STM32CubeIDE_1.16.1/STM32CubeIDE/plugins/com.st.stm32cube.ide.mcu.externaltools.gnu-tools-for-stm32.12.3.rel1.win32_1.0.200.202406191623/tools/bin/../lib/gcc/arm-none-eabi/12.3.1/../../../../arm-none-eabi/lib/thumb/v8-m.main+fp/hard\libc_nano.a
LOAD C:/ST/STM32CubeIDE_1.16.1/STM32CubeIDE/plugins/com.st.stm32cube.ide.mcu.externaltools.gnu-tools-for-stm32.12.3.rel1.win32_1.0.200.202406191623/tools/bin/../lib/gcc/arm-none-eabi/12.3.1/../../../../arm-none-eabi/lib/thumb/v8-m.main+fp/hard\libm.a
END GROUP
START GROUP
LOAD C:/ST/STM32CubeIDE_1.16.1/STM32CubeIDE/plugins/com.st.stm32cube.ide.mcu.externaltools.gnu-tools-for-stm32.12.3.rel1.win32_1.0.200.202406191623/tools/bin/../lib/gcc/arm-none-eabi/12.3.1/thumb/v8-m.main+fp/hard\libgcc.a
LOAD C:/ST/STM32CubeIDE_1.16.1/STM32CubeIDE/plugins/com.st.stm32cube.ide.mcu.externaltools.gnu-tools-for-stm32.12.3.rel1.win32_1.0.200.202406191623/tools/bin/../lib/gcc/arm-none-eabi/12.3.1/../../../../arm-none-eabi/lib/thumb/v8-m.main+fp/hard\libc_nano.a
END GROUP
START GROUP
LOAD C:/ST/STM32CubeIDE_1.16.1/STM32CubeIDE/plugins/com.st.stm32cube.ide.mcu.externaltools.gnu-tools-for-stm32.12.3.rel1.win32_1.0.200.202406191623/tools/bin/../lib/gcc/arm-none-eabi/12.3.1/thumb/v8-m.main+fp/hard\libgcc.a
LOAD C:/ST/STM32CubeIDE_1.16.1/STM32CubeIDE/plugins/com.st.stm32cube.ide.mcu.externaltools.gnu-tools-for-stm32.12.3.rel1.win32_1.0.200.202406191623/tools/bin/../lib/gcc/arm-none-eabi/12.3.1/../../../../arm-none-eabi/lib/thumb/v8-m.main+fp/hard\libc_nano.a
LOAD C:/ST/STM32CubeIDE_1.16.1/STM32CubeIDE/plugins/com.st.stm32cube.ide.mcu.externaltools.gnu-tools-for-stm32.12.3.rel1.win32_1.0.200.202406191623/tools/bin/../lib/gcc/arm-none-eabi/12.3.1/../../../../arm-none-eabi/lib/thumb/v8-m.main+fp/hard\libnosys.a
END GROUP
START GROUP
LOAD C:/ST/STM32CubeIDE_1.16.1/STM32CubeIDE/plugins/com.st.stm32cube.ide.mcu.externaltools.gnu-tools-for-stm32.12.3.rel1.win32_1.0.200.202406191623/tools/bin/../lib/gcc/arm-none-eabi/12.3.1/thumb/v8-m.main+fp/hard\libgcc.a
LOAD C:/ST/STM32CubeIDE_1.16.1/STM32CubeIDE/plugins/com.st.stm32cube.ide.mcu.externaltools.gnu-tools-for-stm32.12.3.rel1.win32_1.0.200.202406191623/tools/bin/../lib/gcc/arm-none-eabi/12.3.1/../../../../arm-none-eabi/lib/thumb/v8-m.main+fp/hard\libc_nano.a
LOAD C:/ST/STM32CubeIDE_1.16.1/STM32CubeIDE/plugins/com.st.stm32cube.ide.mcu.externaltools.gnu-tools-for-stm32.12.3.rel1.win32_1.0.200.202406191623/tools/bin/../lib/gcc/arm-none-eabi/12.3.1/../../../../arm-none-eabi/lib/thumb/v8-m.main+fp/hard\libnosys.a
END GROUP
LOAD C:/ST/STM32CubeIDE_1.16.1/STM32CubeIDE/plugins/com.st.stm32cube.ide.mcu.externaltools.gnu-tools-for-stm32.12.3.rel1.win32_1.0.200.202406191623/tools/bin/../lib/gcc/arm-none-eabi/12.3.1/thumb/v8-m.main+fp/hard/crtend.o
LOAD C:/ST/STM32CubeIDE_1.16.1/STM32CubeIDE/plugins/com.st.stm32cube.ide.mcu.externaltools.gnu-tools-for-stm32.12.3.rel1.win32_1.0.200.202406191623/tools/bin/../lib/gcc/arm-none-eabi/12.3.1/thumb/v8-m.main+fp/hard/crtn.o
                0x200a0000                        _estack = (ORIGIN (RAM) + LENGTH (RAM))
                0x00000200                        _Min_Heap_Size = 0x200
                0x00000400                        _Min_Stack_Size = 0x400

.isr_vector     0x08000000      0x24c
                0x08000000                        . = ALIGN (0x4)
 *(.isr_vector)
 .isr_vector    0x08000000      0x24c ./Core/Startup/startup_stm32h562rgtx.o
                0x08000000                g_pfnVectors
                0x0800024c                        . = ALIGN (0x4)

.text           0x08000250     0xe758
                0x08000250                        . = ALIGN (0x4)
 *(.text)
 .text          0x08000250       0x40 C:/ST/STM32CubeIDE_1.16.1/STM32CubeIDE/plugins/com.st.stm32cube.ide.mcu.externaltools.gnu-tools-for-stm32.12.3.rel1.win32_1.0.200.202406191623/tools/bin/../lib/gcc/arm-none-eabi/12.3.1/thumb/v8-m.main+fp/hard/crtbegin.o
 .text          0x08000290       0x30 C:/ST/STM32CubeIDE_1.16.1/STM32CubeIDE/plugins/com.st.stm32cube.ide.mcu.externaltools.gnu-tools-for-stm32.12.3.rel1.win32_1.0.200.202406191623/tools/bin/../lib/gcc/arm-none-eabi/12.3.1/thumb/v8-m.main+fp/hard\libgcc.a(_aeabi_uldivmod.o)
                0x08000290                __aeabi_uldivmod
 .text          0x080002c0      0x2e4 C:/ST/STM32CubeIDE_1.16.1/STM32CubeIDE/plugins/com.st.stm32cube.ide.mcu.externaltools.gnu-tools-for-stm32.12.3.rel1.win32_1.0.200.202406191623/tools/bin/../lib/gcc/arm-none-eabi/12.3.1/thumb/v8-m.main+fp/hard\libgcc.a(_udivmoddi4.o)
                0x080002c0                __udivmoddi4
 .text          0x080005a4        0x4 C:/ST/STM32CubeIDE_1.16.1/STM32CubeIDE/plugins/com.st.stm32cube.ide.mcu.externaltools.gnu-tools-for-stm32.12.3.rel1.win32_1.0.200.202406191623/tools/bin/../lib/gcc/arm-none-eabi/12.3.1/thumb/v8-m.main+fp/hard\libgcc.a(_dvmd_tls.o)
                0x080005a4                __aeabi_idiv0
                0x080005a4                __aeabi_ldiv0
 *(.text*)
 .text.MX_FREERTOS_Init
                0x080005a8       0x94 ./Core/Src/app_freertos.o
                0x080005a8                MX_FREERTOS_Init
 .text.StartUARTTask
                0x0800063c       0x10 ./Core/Src/app_freertos.o
                0x0800063c                StartUARTTask
 .text.StartNeoPixelTask
                0x0800064c       0x1c ./Core/Src/app_freertos.o
                0x0800064c                StartNeoPixelTask
 .text.StartEncoderTask
                0x08000668       0x10 ./Core/Src/app_freertos.o
                0x08000668                StartEncoderTask
 .text.StartDisplayTask
                0x08000678       0x30 ./Core/Src/app_freertos.o
                0x08000678                StartDisplayTask
 .text.StartServoTask
                0x080006a8       0x44 ./Core/Src/app_freertos.o
                0x080006a8                StartServoTask
 .text.main     0x080006ec       0x50 ./Core/Src/main.o
                0x080006ec                main
 .text.SystemClock_Config
                0x0800073c       0xf0 ./Core/Src/main.o
                0x0800073c                SystemClock_Config
 .text.MX_GPDMA1_Init
                0x0800082c       0x90 ./Core/Src/main.o
 .text.MX_GPDMA2_Init
                0x080008bc       0x40 ./Core/Src/main.o
 .text.MX_I2C2_Init
                0x080008fc       0x80 ./Core/Src/main.o
 .text.MX_ICACHE_Init
                0x0800097c       0x26 ./Core/Src/main.o
 *fill*         0x080009a2        0x2 
 .text.MX_TIM2_Init
                0x080009a4       0xec ./Core/Src/main.o
 .text.MX_TIM4_Init
                0x08000a90       0xf0 ./Core/Src/main.o
 .text.MX_TIM17_Init
                0x08000b80       0x4c ./Core/Src/main.o
 .text.MX_USART1_UART_Init
                0x08000bcc       0x98 ./Core/Src/main.o
 .text.MX_USART2_UART_Init
                0x08000c64       0x98 ./Core/Src/main.o
 .text.MX_USART3_UART_Init
                0x08000cfc       0x98 ./Core/Src/main.o
 .text.MX_USB_PCD_Init
                0x08000d94       0x64 ./Core/Src/main.o
 .text.MX_GPIO_Init
                0x08000df8       0x98 ./Core/Src/main.o
 .text.HAL_TIM_PeriodElapsedCallback
                0x08000e90       0x24 ./Core/Src/main.o
                0x08000e90                HAL_TIM_PeriodElapsedCallback
 .text.Error_Handler
                0x08000eb4        0xc ./Core/Src/main.o
                0x08000eb4                Error_Handler
 .text.HAL_MspInit
                0x08000ec0       0x14 ./Core/Src/stm32h5xx_hal_msp.o
                0x08000ec0                HAL_MspInit
 .text.HAL_I2C_MspInit
                0x08000ed4      0x11c ./Core/Src/stm32h5xx_hal_msp.o
                0x08000ed4                HAL_I2C_MspInit
 .text.HAL_TIM_Base_MspInit
                0x08000ff0      0x148 ./Core/Src/stm32h5xx_hal_msp.o
                0x08000ff0                HAL_TIM_Base_MspInit
 .text.HAL_TIM_MspPostInit
                0x08001138       0xc4 ./Core/Src/stm32h5xx_hal_msp.o
                0x08001138                HAL_TIM_MspPostInit
 .text.HAL_UART_MspInit
                0x080011fc      0x6ac ./Core/Src/stm32h5xx_hal_msp.o
                0x080011fc                HAL_UART_MspInit
 .text.HAL_PCD_MspInit
                0x080018a8       0xb4 ./Core/Src/stm32h5xx_hal_msp.o
                0x080018a8                HAL_PCD_MspInit
 .text.HAL_InitTick
                0x0800195c       0xd8 ./Core/Src/stm32h5xx_hal_timebase_tim.o
                0x0800195c                HAL_InitTick
 .text.NMI_Handler
                0x08001a34        0x8 ./Core/Src/stm32h5xx_it.o
                0x08001a34                NMI_Handler
 .text.HardFault_Handler
                0x08001a3c        0x8 ./Core/Src/stm32h5xx_it.o
                0x08001a3c                HardFault_Handler
 .text.MemManage_Handler
                0x08001a44        0x8 ./Core/Src/stm32h5xx_it.o
                0x08001a44                MemManage_Handler
 .text.BusFault_Handler
                0x08001a4c        0x8 ./Core/Src/stm32h5xx_it.o
                0x08001a4c                BusFault_Handler
 .text.UsageFault_Handler
                0x08001a54        0x8 ./Core/Src/stm32h5xx_it.o
                0x08001a54                UsageFault_Handler
 .text.DebugMon_Handler
                0x08001a5c        0xe ./Core/Src/stm32h5xx_it.o
                0x08001a5c                DebugMon_Handler
 *fill*         0x08001a6a        0x2 
 .text.GPDMA1_Channel0_IRQHandler
                0x08001a6c       0x14 ./Core/Src/stm32h5xx_it.o
                0x08001a6c                GPDMA1_Channel0_IRQHandler
 .text.GPDMA1_Channel1_IRQHandler
                0x08001a80       0x14 ./Core/Src/stm32h5xx_it.o
                0x08001a80                GPDMA1_Channel1_IRQHandler
 .text.GPDMA1_Channel2_IRQHandler
                0x08001a94       0x14 ./Core/Src/stm32h5xx_it.o
                0x08001a94                GPDMA1_Channel2_IRQHandler
 .text.GPDMA1_Channel3_IRQHandler
                0x08001aa8       0x14 ./Core/Src/stm32h5xx_it.o
                0x08001aa8                GPDMA1_Channel3_IRQHandler
 .text.GPDMA1_Channel4_IRQHandler
                0x08001abc       0x14 ./Core/Src/stm32h5xx_it.o
                0x08001abc                GPDMA1_Channel4_IRQHandler
 .text.GPDMA1_Channel5_IRQHandler
                0x08001ad0       0x14 ./Core/Src/stm32h5xx_it.o
                0x08001ad0                GPDMA1_Channel5_IRQHandler
 .text.TIM1_UP_IRQHandler
                0x08001ae4       0x14 ./Core/Src/stm32h5xx_it.o
                0x08001ae4                TIM1_UP_IRQHandler
 .text.TIM2_IRQHandler
                0x08001af8       0x14 ./Core/Src/stm32h5xx_it.o
                0x08001af8                TIM2_IRQHandler
 .text.TIM4_IRQHandler
                0x08001b0c       0x14 ./Core/Src/stm32h5xx_it.o
                0x08001b0c                TIM4_IRQHandler
 .text.USART1_IRQHandler
                0x08001b20       0x14 ./Core/Src/stm32h5xx_it.o
                0x08001b20                USART1_IRQHandler
 .text.USART2_IRQHandler
                0x08001b34       0x14 ./Core/Src/stm32h5xx_it.o
                0x08001b34                USART2_IRQHandler
 .text.USART3_IRQHandler
                0x08001b48       0x14 ./Core/Src/stm32h5xx_it.o
                0x08001b48                USART3_IRQHandler
 .text.GPDMA2_Channel0_IRQHandler
                0x08001b5c       0x14 ./Core/Src/stm32h5xx_it.o
                0x08001b5c                GPDMA2_Channel0_IRQHandler
 .text.SystemInit
                0x08001b70       0xf8 ./Core/Src/system_stm32h5xx.o
                0x08001b70                SystemInit
 .text.Reset_Handler
                0x08001c68       0x50 ./Core/Startup/startup_stm32h562rgtx.o
                0x08001c68                Reset_Handler
 .text.Default_Handler
                0x08001cb8        0x2 ./Core/Startup/startup_stm32h562rgtx.o
                0x08001cb8                EXTI2_IRQHandler
                0x08001cb8                TIM8_TRG_COM_IRQHandler
                0x08001cb8                TIM8_CC_IRQHandler
                0x08001cb8                EXTI5_IRQHandler
                0x08001cb8                I3C1_ER_IRQHandler
                0x08001cb8                UART8_IRQHandler
                0x08001cb8                SPI4_IRQHandler
                0x08001cb8                GPDMA2_Channel1_IRQHandler
                0x08001cb8                FLASH_S_IRQHandler
                0x08001cb8                EXTI13_IRQHandler
                0x08001cb8                TIM1_CC_IRQHandler
                0x08001cb8                GPDMA2_Channel3_IRQHandler
                0x08001cb8                TAMP_IRQHandler
                0x08001cb8                TIM6_IRQHandler
                0x08001cb8                EXTI12_IRQHandler
                0x08001cb8                CORDIC_IRQHandler
                0x08001cb8                USB_DRD_FS_IRQHandler
                0x08001cb8                EXTI3_IRQHandler
                0x08001cb8                LPTIM4_IRQHandler
                0x08001cb8                EXTI8_IRQHandler
                0x08001cb8                GPDMA2_Channel5_IRQHandler
                0x08001cb8                LPTIM2_IRQHandler
                0x08001cb8                I2C3_ER_IRQHandler
                0x08001cb8                GPDMA2_Channel2_IRQHandler
                0x08001cb8                USART10_IRQHandler
                0x08001cb8                LPTIM3_IRQHandler
                0x08001cb8                EXTI0_IRQHandler
                0x08001cb8                I2C2_EV_IRQHandler
                0x08001cb8                FPU_IRQHandler
                0x08001cb8                GPDMA1_Channel7_IRQHandler
                0x08001cb8                FDCAN1_IT1_IRQHandler
                0x08001cb8                RAMCFG_IRQHandler
                0x08001cb8                DCACHE1_IRQHandler
                0x08001cb8                SPI1_IRQHandler
                0x08001cb8                OCTOSPI1_IRQHandler
                0x08001cb8                TIM8_UP_IRQHandler
                0x08001cb8                RCC_S_IRQHandler
                0x08001cb8                SAI2_IRQHandler
                0x08001cb8                ADC1_IRQHandler
                0x08001cb8                USART6_IRQHandler
                0x08001cb8                EXTI15_IRQHandler
                0x08001cb8                TIM17_IRQHandler
                0x08001cb8                RTC_IRQHandler
                0x08001cb8                EXTI9_IRQHandler
                0x08001cb8                LPTIM5_IRQHandler
                0x08001cb8                UART5_IRQHandler
                0x08001cb8                I2C1_EV_IRQHandler
                0x08001cb8                TIM16_IRQHandler
                0x08001cb8                UART4_IRQHandler
                0x08001cb8                SecureFault_Handler
                0x08001cb8                TIM3_IRQHandler
                0x08001cb8                RCC_IRQHandler
                0x08001cb8                UART9_IRQHandler
                0x08001cb8                TIM1_TRG_COM_IRQHandler
                0x08001cb8                Default_Handler
                0x08001cb8                FMAC_IRQHandler
                0x08001cb8                CEC_IRQHandler
                0x08001cb8                USART11_IRQHandler
                0x08001cb8                TIM14_IRQHandler
                0x08001cb8                TIM13_IRQHandler
                0x08001cb8                GPDMA2_Channel4_IRQHandler
                0x08001cb8                SPI5_IRQHandler
                0x08001cb8                TIM12_IRQHandler
                0x08001cb8                TIM7_IRQHandler
                0x08001cb8                SDMMC1_IRQHandler
                0x08001cb8                TIM5_IRQHandler
                0x08001cb8                UCPD1_IRQHandler
                0x08001cb8                I3C1_EV_IRQHandler
                0x08001cb8                TIM15_IRQHandler
                0x08001cb8                PVD_AVD_IRQHandler
                0x08001cb8                I2C3_EV_IRQHandler
                0x08001cb8                ADC2_IRQHandler
                0x08001cb8                SPI2_IRQHandler
                0x08001cb8                EXTI14_IRQHandler
                0x08001cb8                EXTI11_IRQHandler
                0x08001cb8                CRS_IRQHandler
                0x08001cb8                EXTI4_IRQHandler
                0x08001cb8                RTC_S_IRQHandler
                0x08001cb8                RNG_IRQHandler
                0x08001cb8                GPDMA2_Channel6_IRQHandler
                0x08001cb8                UART12_IRQHandler
                0x08001cb8                WWDG_IRQHandler
                0x08001cb8                SPI6_IRQHandler
                0x08001cb8                I2C4_EV_IRQHandler
                0x08001cb8                IWDG_IRQHandler
                0x08001cb8                LPUART1_IRQHandler
                0x08001cb8                FDCAN1_IT0_IRQHandler
                0x08001cb8                EXTI7_IRQHandler
                0x08001cb8                TIM1_BRK_IRQHandler
                0x08001cb8                EXTI1_IRQHandler
                0x08001cb8                LPTIM6_IRQHandler
                0x08001cb8                DAC1_IRQHandler
                0x08001cb8                DTS_IRQHandler
                0x08001cb8                UART7_IRQHandler
                0x08001cb8                GTZC_IRQHandler
                0x08001cb8                GPDMA1_Channel6_IRQHandler
                0x08001cb8                GPDMA2_Channel7_IRQHandler
                0x08001cb8                I2C2_ER_IRQHandler
                0x08001cb8                TIM8_BRK_IRQHandler
                0x08001cb8                FLASH_IRQHandler
                0x08001cb8                EXTI10_IRQHandler
                0x08001cb8                SPI3_IRQHandler
                0x08001cb8                I2C1_ER_IRQHandler
                0x08001cb8                FMC_IRQHandler
                0x08001cb8                EXTI6_IRQHandler
                0x08001cb8                LPTIM1_IRQHandler
                0x08001cb8                DCMI_PSSI_IRQHandler
                0x08001cb8                I2C4_ER_IRQHandler
                0x08001cb8                ICACHE_IRQHandler
                0x08001cb8                SAI1_IRQHandler
                0x08001cb8                HASH_IRQHandler
 .text.ssd1306_Reset
                0x08001cba        0xe ./Drivers/OLED/ssd1306.o
                0x08001cba                ssd1306_Reset
 .text.ssd1306_WriteCommand
                0x08001cc8       0x30 ./Drivers/OLED/ssd1306.o
                0x08001cc8                ssd1306_WriteCommand
 .text.ssd1306_WriteData
                0x08001cf8       0x34 ./Drivers/OLED/ssd1306.o
                0x08001cf8                ssd1306_WriteData
 .text.ssd1306_Init
                0x08001d2c       0xd4 ./Drivers/OLED/ssd1306.o
                0x08001d2c                ssd1306_Init
 .text.ssd1306_Fill
                0x08001e00       0x30 ./Drivers/OLED/ssd1306.o
                0x08001e00                ssd1306_Fill
 .text.ssd1306_UpdateScreen
                0x08001e30       0x50 ./Drivers/OLED/ssd1306.o
                0x08001e30                ssd1306_UpdateScreen
 .text.ssd1306_SetContrast
                0x08001e80       0x26 ./Drivers/OLED/ssd1306.o
                0x08001e80                ssd1306_SetContrast
 *fill*         0x08001ea6        0x2 
 .text.ssd1306_SetDisplayOn
                0x08001ea8       0x3c ./Drivers/OLED/ssd1306.o
                0x08001ea8                ssd1306_SetDisplayOn
 .text.HAL_Init
                0x08001ee4       0x50 ./Drivers/STM32H5xx_HAL_Driver/Src/stm32h5xx_hal.o
                0x08001ee4                HAL_Init
 .text.HAL_IncTick
                0x08001f34       0x28 ./Drivers/STM32H5xx_HAL_Driver/Src/stm32h5xx_hal.o
                0x08001f34                HAL_IncTick
 .text.HAL_GetTick
                0x08001f5c       0x18 ./Drivers/STM32H5xx_HAL_Driver/Src/stm32h5xx_hal.o
                0x08001f5c                HAL_GetTick
 .text.HAL_Delay
                0x08001f74       0x48 ./Drivers/STM32H5xx_HAL_Driver/Src/stm32h5xx_hal.o
                0x08001f74                HAL_Delay
 .text.__NVIC_SetPriorityGrouping
                0x08001fbc       0x48 ./Drivers/STM32H5xx_HAL_Driver/Src/stm32h5xx_hal_cortex.o
 .text.__NVIC_GetPriorityGrouping
                0x08002004       0x1c ./Drivers/STM32H5xx_HAL_Driver/Src/stm32h5xx_hal_cortex.o
 .text.__NVIC_EnableIRQ
                0x08002020       0x3c ./Drivers/STM32H5xx_HAL_Driver/Src/stm32h5xx_hal_cortex.o
 .text.__NVIC_SetPriority
                0x0800205c       0x54 ./Drivers/STM32H5xx_HAL_Driver/Src/stm32h5xx_hal_cortex.o
 .text.NVIC_EncodePriority
                0x080020b0       0x66 ./Drivers/STM32H5xx_HAL_Driver/Src/stm32h5xx_hal_cortex.o
 .text.HAL_NVIC_SetPriorityGrouping
                0x08002116       0x16 ./Drivers/STM32H5xx_HAL_Driver/Src/stm32h5xx_hal_cortex.o
                0x08002116                HAL_NVIC_SetPriorityGrouping
 .text.HAL_NVIC_SetPriority
                0x0800212c       0x34 ./Drivers/STM32H5xx_HAL_Driver/Src/stm32h5xx_hal_cortex.o
                0x0800212c                HAL_NVIC_SetPriority
 .text.HAL_NVIC_EnableIRQ
                0x08002160       0x1c ./Drivers/STM32H5xx_HAL_Driver/Src/stm32h5xx_hal_cortex.o
                0x08002160                HAL_NVIC_EnableIRQ
 .text.HAL_SYSTICK_CLKSourceConfig
                0x0800217c       0xb0 ./Drivers/STM32H5xx_HAL_Driver/Src/stm32h5xx_hal_cortex.o
                0x0800217c                HAL_SYSTICK_CLKSourceConfig
 .text.HAL_DMA_Init
                0x0800222c      0x258 ./Drivers/STM32H5xx_HAL_Driver/Src/stm32h5xx_hal_dma.o
                0x0800222c                HAL_DMA_Init
 .text.HAL_DMA_Abort
                0x08002484       0xf8 ./Drivers/STM32H5xx_HAL_Driver/Src/stm32h5xx_hal_dma.o
                0x08002484                HAL_DMA_Abort
 .text.HAL_DMA_Abort_IT
                0x0800257c       0x52 ./Drivers/STM32H5xx_HAL_Driver/Src/stm32h5xx_hal_dma.o
                0x0800257c                HAL_DMA_Abort_IT
 .text.HAL_DMA_IRQHandler
                0x080025ce      0x2c2 ./Drivers/STM32H5xx_HAL_Driver/Src/stm32h5xx_hal_dma.o
                0x080025ce                HAL_DMA_IRQHandler
 .text.HAL_DMA_ConfigChannelAttributes
                0x08002890       0x78 ./Drivers/STM32H5xx_HAL_Driver/Src/stm32h5xx_hal_dma.o
                0x08002890                HAL_DMA_ConfigChannelAttributes
 .text.DMA_Init
                0x08002908      0x508 ./Drivers/STM32H5xx_HAL_Driver/Src/stm32h5xx_hal_dma.o
 .text.HAL_GPIO_Init
                0x08002e10      0x2a4 ./Drivers/STM32H5xx_HAL_Driver/Src/stm32h5xx_hal_gpio.o
                0x08002e10                HAL_GPIO_Init
 .text.HAL_I2C_Init
                0x080030b4      0x136 ./Drivers/STM32H5xx_HAL_Driver/Src/stm32h5xx_hal_i2c.o
                0x080030b4                HAL_I2C_Init
 *fill*         0x080031ea        0x2 
 .text.HAL_I2C_Mem_Write
                0x080031ec      0x228 ./Drivers/STM32H5xx_HAL_Driver/Src/stm32h5xx_hal_i2c.o
                0x080031ec                HAL_I2C_Mem_Write
 .text.I2C_RequestMemoryWrite
                0x08003414       0xa8 ./Drivers/STM32H5xx_HAL_Driver/Src/stm32h5xx_hal_i2c.o
 .text.I2C_Flush_TXDR
                0x080034bc       0x48 ./Drivers/STM32H5xx_HAL_Driver/Src/stm32h5xx_hal_i2c.o
 .text.I2C_WaitOnFlagUntilTimeout
                0x08003504       0xb2 ./Drivers/STM32H5xx_HAL_Driver/Src/stm32h5xx_hal_i2c.o
 .text.I2C_WaitOnTXISFlagUntilTimeout
                0x080035b6       0x8e ./Drivers/STM32H5xx_HAL_Driver/Src/stm32h5xx_hal_i2c.o
 .text.I2C_WaitOnSTOPFlagUntilTimeout
                0x08003644       0x86 ./Drivers/STM32H5xx_HAL_Driver/Src/stm32h5xx_hal_i2c.o
 *fill*         0x080036ca        0x2 
 .text.I2C_IsErrorOccurred
                0x080036cc      0x1c0 ./Drivers/STM32H5xx_HAL_Driver/Src/stm32h5xx_hal_i2c.o
 .text.I2C_TransferConfig
                0x0800388c       0x64 ./Drivers/STM32H5xx_HAL_Driver/Src/stm32h5xx_hal_i2c.o
 .text.HAL_I2CEx_ConfigAnalogFilter
                0x080038f0       0x96 ./Drivers/STM32H5xx_HAL_Driver/Src/stm32h5xx_hal_i2c_ex.o
                0x080038f0                HAL_I2CEx_ConfigAnalogFilter
 .text.HAL_I2CEx_ConfigDigitalFilter
                0x08003986       0x98 ./Drivers/STM32H5xx_HAL_Driver/Src/stm32h5xx_hal_i2c_ex.o
                0x08003986                HAL_I2CEx_ConfigDigitalFilter
 *fill*         0x08003a1e        0x2 
 .text.HAL_ICACHE_ConfigAssociativityMode
                0x08003a20       0x40 ./Drivers/STM32H5xx_HAL_Driver/Src/stm32h5xx_hal_icache.o
                0x08003a20                HAL_ICACHE_ConfigAssociativityMode
 .text.HAL_ICACHE_Enable
                0x08003a60       0x20 ./Drivers/STM32H5xx_HAL_Driver/Src/stm32h5xx_hal_icache.o
                0x08003a60                HAL_ICACHE_Enable
 .text.HAL_PCD_Init
                0x08003a80      0x202 ./Drivers/STM32H5xx_HAL_Driver/Src/stm32h5xx_hal_pcd.o
                0x08003a80                HAL_PCD_Init
 .text.HAL_PCDEx_ActivateLPM
                0x08003c82       0x44 ./Drivers/STM32H5xx_HAL_Driver/Src/stm32h5xx_hal_pcd_ex.o
                0x08003c82                HAL_PCDEx_ActivateLPM
 *fill*         0x08003cc6        0x2 
 .text.HAL_PWREx_EnableVddUSB
                0x08003cc8       0x20 ./Drivers/STM32H5xx_HAL_Driver/Src/stm32h5xx_hal_pwr_ex.o
                0x08003cc8                HAL_PWREx_EnableVddUSB
 .text.HAL_RCC_OscConfig
                0x08003ce8      0x870 ./Drivers/STM32H5xx_HAL_Driver/Src/stm32h5xx_hal_rcc.o
                0x08003ce8                HAL_RCC_OscConfig
 .text.HAL_RCC_ClockConfig
                0x08004558      0x370 ./Drivers/STM32H5xx_HAL_Driver/Src/stm32h5xx_hal_rcc.o
                0x08004558                HAL_RCC_ClockConfig
 .text.HAL_RCC_GetSysClockFreq
                0x080048c8      0x258 ./Drivers/STM32H5xx_HAL_Driver/Src/stm32h5xx_hal_rcc.o
                0x080048c8                HAL_RCC_GetSysClockFreq
 .text.HAL_RCC_GetHCLKFreq
                0x08004b20       0x38 ./Drivers/STM32H5xx_HAL_Driver/Src/stm32h5xx_hal_rcc.o
                0x08004b20                HAL_RCC_GetHCLKFreq
 .text.HAL_RCC_GetPCLK1Freq
                0x08004b58       0x2c ./Drivers/STM32H5xx_HAL_Driver/Src/stm32h5xx_hal_rcc.o
                0x08004b58                HAL_RCC_GetPCLK1Freq
 .text.HAL_RCC_GetPCLK2Freq
                0x08004b84       0x2c ./Drivers/STM32H5xx_HAL_Driver/Src/stm32h5xx_hal_rcc.o
                0x08004b84                HAL_RCC_GetPCLK2Freq
 .text.HAL_RCC_GetPCLK3Freq
                0x08004bb0       0x2c ./Drivers/STM32H5xx_HAL_Driver/Src/stm32h5xx_hal_rcc.o
                0x08004bb0                HAL_RCC_GetPCLK3Freq
 .text.HAL_RCC_GetClockConfig
                0x08004bdc       0x70 ./Drivers/STM32H5xx_HAL_Driver/Src/stm32h5xx_hal_rcc.o
                0x08004bdc                HAL_RCC_GetClockConfig
 .text.HAL_RCCEx_PeriphCLKConfig
                0x08004c4c     0x1e8c ./Drivers/STM32H5xx_HAL_Driver/Src/stm32h5xx_hal_rcc_ex.o
                0x08004c4c                HAL_RCCEx_PeriphCLKConfig
 .text.HAL_RCCEx_GetPLL1ClockFreq
                0x08006ad8      0x2d8 ./Drivers/STM32H5xx_HAL_Driver/Src/stm32h5xx_hal_rcc_ex.o
                0x08006ad8                HAL_RCCEx_GetPLL1ClockFreq
 .text.HAL_RCCEx_GetPLL2ClockFreq
                0x08006db0      0x2d8 ./Drivers/STM32H5xx_HAL_Driver/Src/stm32h5xx_hal_rcc_ex.o
                0x08006db0                HAL_RCCEx_GetPLL2ClockFreq
 .text.HAL_RCCEx_GetPLL3ClockFreq
                0x08007088      0x2d8 ./Drivers/STM32H5xx_HAL_Driver/Src/stm32h5xx_hal_rcc_ex.o
                0x08007088                HAL_RCCEx_GetPLL3ClockFreq
 .text.HAL_RCCEx_GetPeriphCLKFreq
                0x08007360     0x264c ./Drivers/STM32H5xx_HAL_Driver/Src/stm32h5xx_hal_rcc_ex.o
                0x08007360                HAL_RCCEx_GetPeriphCLKFreq
 .text.RCCEx_PLL2_Config
                0x080099ac      0x130 ./Drivers/STM32H5xx_HAL_Driver/Src/stm32h5xx_hal_rcc_ex.o
 .text.RCCEx_PLL3_Config
                0x08009adc      0x130 ./Drivers/STM32H5xx_HAL_Driver/Src/stm32h5xx_hal_rcc_ex.o
 .text.HAL_TIM_Base_Init
                0x08009c0c       0xae ./Drivers/STM32H5xx_HAL_Driver/Src/stm32h5xx_hal_tim.o
                0x08009c0c                HAL_TIM_Base_Init
 *fill*         0x08009cba        0x2 
 .text.HAL_TIM_Base_Start_IT
                0x08009cbc      0x15c ./Drivers/STM32H5xx_HAL_Driver/Src/stm32h5xx_hal_tim.o
                0x08009cbc                HAL_TIM_Base_Start_IT
 .text.HAL_TIM_PWM_Init
                0x08009e18       0xae ./Drivers/STM32H5xx_HAL_Driver/Src/stm32h5xx_hal_tim.o
                0x08009e18                HAL_TIM_PWM_Init
 .text.HAL_TIM_PWM_MspInit
                0x08009ec6       0x14 ./Drivers/STM32H5xx_HAL_Driver/Src/stm32h5xx_hal_tim.o
                0x08009ec6                HAL_TIM_PWM_MspInit
 .text.HAL_TIM_IRQHandler
                0x08009eda      0x29e ./Drivers/STM32H5xx_HAL_Driver/Src/stm32h5xx_hal_tim.o
                0x08009eda                HAL_TIM_IRQHandler
 .text.HAL_TIM_PWM_ConfigChannel
                0x0800a178      0x228 ./Drivers/STM32H5xx_HAL_Driver/Src/stm32h5xx_hal_tim.o
                0x0800a178                HAL_TIM_PWM_ConfigChannel
 .text.HAL_TIM_ConfigClockSource
                0x0800a3a0      0x23c ./Drivers/STM32H5xx_HAL_Driver/Src/stm32h5xx_hal_tim.o
                0x0800a3a0                HAL_TIM_ConfigClockSource
 .text.HAL_TIM_OC_DelayElapsedCallback
                0x0800a5dc       0x14 ./Drivers/STM32H5xx_HAL_Driver/Src/stm32h5xx_hal_tim.o
                0x0800a5dc                HAL_TIM_OC_DelayElapsedCallback
 .text.HAL_TIM_IC_CaptureCallback
                0x0800a5f0       0x14 ./Drivers/STM32H5xx_HAL_Driver/Src/stm32h5xx_hal_tim.o
                0x0800a5f0                HAL_TIM_IC_CaptureCallback
 .text.HAL_TIM_PWM_PulseFinishedCallback
                0x0800a604       0x14 ./Drivers/STM32H5xx_HAL_Driver/Src/stm32h5xx_hal_tim.o
                0x0800a604                HAL_TIM_PWM_PulseFinishedCallback
 .text.HAL_TIM_TriggerCallback
                0x0800a618       0x14 ./Drivers/STM32H5xx_HAL_Driver/Src/stm32h5xx_hal_tim.o
                0x0800a618                HAL_TIM_TriggerCallback
 .text.TIM_Base_SetConfig
                0x0800a62c      0x254 ./Drivers/STM32H5xx_HAL_Driver/Src/stm32h5xx_hal_tim.o
                0x0800a62c                TIM_Base_SetConfig
 .text.TIM_OC1_SetConfig
                0x0800a880      0x184 ./Drivers/STM32H5xx_HAL_Driver/Src/stm32h5xx_hal_tim.o
 .text.TIM_OC2_SetConfig
                0x0800aa04      0x160 ./Drivers/STM32H5xx_HAL_Driver/Src/stm32h5xx_hal_tim.o
                0x0800aa04                TIM_OC2_SetConfig
 .text.TIM_OC3_SetConfig
                0x0800ab64      0x15c ./Drivers/STM32H5xx_HAL_Driver/Src/stm32h5xx_hal_tim.o
 .text.TIM_OC4_SetConfig
                0x0800acc0      0x160 ./Drivers/STM32H5xx_HAL_Driver/Src/stm32h5xx_hal_tim.o
 .text.TIM_OC5_SetConfig
                0x0800ae20      0x104 ./Drivers/STM32H5xx_HAL_Driver/Src/stm32h5xx_hal_tim.o
 .text.TIM_OC6_SetConfig
                0x0800af24      0x108 ./Drivers/STM32H5xx_HAL_Driver/Src/stm32h5xx_hal_tim.o
 .text.TIM_TI1_ConfigInputStage
                0x0800b02c       0x5e ./Drivers/STM32H5xx_HAL_Driver/Src/stm32h5xx_hal_tim.o
 .text.TIM_TI2_ConfigInputStage
                0x0800b08a       0x60 ./Drivers/STM32H5xx_HAL_Driver/Src/stm32h5xx_hal_tim.o
 .text.TIM_ITRx_SetConfig
                0x0800b0ea       0x3a ./Drivers/STM32H5xx_HAL_Driver/Src/stm32h5xx_hal_tim.o
 .text.TIM_ETR_SetConfig
                0x0800b124       0x40 ./Drivers/STM32H5xx_HAL_Driver/Src/stm32h5xx_hal_tim.o
                0x0800b124                TIM_ETR_SetConfig
 .text.HAL_TIMEx_MasterConfigSynchronization
                0x0800b164      0x1a0 ./Drivers/STM32H5xx_HAL_Driver/Src/stm32h5xx_hal_tim_ex.o
                0x0800b164                HAL_TIMEx_MasterConfigSynchronization
 .text.HAL_TIMEx_CommutCallback
                0x0800b304       0x14 ./Drivers/STM32H5xx_HAL_Driver/Src/stm32h5xx_hal_tim_ex.o
                0x0800b304                HAL_TIMEx_CommutCallback
 .text.HAL_TIMEx_BreakCallback
                0x0800b318       0x14 ./Drivers/STM32H5xx_HAL_Driver/Src/stm32h5xx_hal_tim_ex.o
                0x0800b318                HAL_TIMEx_BreakCallback
 .text.HAL_TIMEx_Break2Callback
                0x0800b32c       0x14 ./Drivers/STM32H5xx_HAL_Driver/Src/stm32h5xx_hal_tim_ex.o
                0x0800b32c                HAL_TIMEx_Break2Callback
 .text.HAL_TIMEx_EncoderIndexCallback
                0x0800b340       0x14 ./Drivers/STM32H5xx_HAL_Driver/Src/stm32h5xx_hal_tim_ex.o
                0x0800b340                HAL_TIMEx_EncoderIndexCallback
 .text.HAL_TIMEx_DirectionChangeCallback
                0x0800b354       0x14 ./Drivers/STM32H5xx_HAL_Driver/Src/stm32h5xx_hal_tim_ex.o
                0x0800b354                HAL_TIMEx_DirectionChangeCallback
 .text.HAL_TIMEx_IndexErrorCallback
                0x0800b368       0x14 ./Drivers/STM32H5xx_HAL_Driver/Src/stm32h5xx_hal_tim_ex.o
                0x0800b368                HAL_TIMEx_IndexErrorCallback
 .text.HAL_TIMEx_TransitionErrorCallback
                0x0800b37c       0x14 ./Drivers/STM32H5xx_HAL_Driver/Src/stm32h5xx_hal_tim_ex.o
                0x0800b37c                HAL_TIMEx_TransitionErrorCallback
 .text.HAL_UART_Init
                0x0800b390       0xa0 ./Drivers/STM32H5xx_HAL_Driver/Src/stm32h5xx_hal_uart.o
                0x0800b390                HAL_UART_Init
 .text.HAL_UART_IRQHandler
                0x0800b430      0x5dc ./Drivers/STM32H5xx_HAL_Driver/Src/stm32h5xx_hal_uart.o
                0x0800b430                HAL_UART_IRQHandler
 .text.HAL_UART_TxCpltCallback
                0x0800ba0c       0x14 ./Drivers/STM32H5xx_HAL_Driver/Src/stm32h5xx_hal_uart.o
                0x0800ba0c                HAL_UART_TxCpltCallback
 .text.HAL_UART_ErrorCallback
                0x0800ba20       0x14 ./Drivers/STM32H5xx_HAL_Driver/Src/stm32h5xx_hal_uart.o
                0x0800ba20                HAL_UART_ErrorCallback
 .text.HAL_UARTEx_RxEventCallback
                0x0800ba34       0x18 ./Drivers/STM32H5xx_HAL_Driver/Src/stm32h5xx_hal_uart.o
                0x0800ba34                HAL_UARTEx_RxEventCallback
 .text.UART_SetConfig
                0x0800ba4c      0x3dc ./Drivers/STM32H5xx_HAL_Driver/Src/stm32h5xx_hal_uart.o
                0x0800ba4c                UART_SetConfig
 .text.UART_AdvFeatureConfig
                0x0800be28      0x144 ./Drivers/STM32H5xx_HAL_Driver/Src/stm32h5xx_hal_uart.o
                0x0800be28                UART_AdvFeatureConfig
 .text.UART_CheckIdleState
                0x0800bf6c      0x154 ./Drivers/STM32H5xx_HAL_Driver/Src/stm32h5xx_hal_uart.o
                0x0800bf6c                UART_CheckIdleState
 .text.UART_WaitOnFlagUntilTimeout
                0x0800c0c0       0xda ./Drivers/STM32H5xx_HAL_Driver/Src/stm32h5xx_hal_uart.o
                0x0800c0c0                UART_WaitOnFlagUntilTimeout
 .text.UART_EndRxTransfer
                0x0800c19a       0xcc ./Drivers/STM32H5xx_HAL_Driver/Src/stm32h5xx_hal_uart.o
 .text.UART_DMAAbortOnError
                0x0800c266       0x24 ./Drivers/STM32H5xx_HAL_Driver/Src/stm32h5xx_hal_uart.o
 .text.UART_EndTransmit_IT
                0x0800c28a       0x56 ./Drivers/STM32H5xx_HAL_Driver/Src/stm32h5xx_hal_uart.o
 .text.HAL_UARTEx_WakeupCallback
                0x0800c2e0       0x14 ./Drivers/STM32H5xx_HAL_Driver/Src/stm32h5xx_hal_uart_ex.o
                0x0800c2e0                HAL_UARTEx_WakeupCallback
 .text.HAL_UARTEx_RxFifoFullCallback
                0x0800c2f4       0x14 ./Drivers/STM32H5xx_HAL_Driver/Src/stm32h5xx_hal_uart_ex.o
                0x0800c2f4                HAL_UARTEx_RxFifoFullCallback
 .text.HAL_UARTEx_TxFifoEmptyCallback
                0x0800c308       0x14 ./Drivers/STM32H5xx_HAL_Driver/Src/stm32h5xx_hal_uart_ex.o
                0x0800c308                HAL_UARTEx_TxFifoEmptyCallback
 .text.HAL_UARTEx_DisableFifoMode
                0x0800c31c       0x72 ./Drivers/STM32H5xx_HAL_Driver/Src/stm32h5xx_hal_uart_ex.o
                0x0800c31c                HAL_UARTEx_DisableFifoMode
 .text.HAL_UARTEx_SetTxFifoThreshold
                0x0800c38e       0x7c ./Drivers/STM32H5xx_HAL_Driver/Src/stm32h5xx_hal_uart_ex.o
                0x0800c38e                HAL_UARTEx_SetTxFifoThreshold
 .text.HAL_UARTEx_SetRxFifoThreshold
                0x0800c40a       0x7c ./Drivers/STM32H5xx_HAL_Driver/Src/stm32h5xx_hal_uart_ex.o
                0x0800c40a                HAL_UARTEx_SetRxFifoThreshold
 *fill*         0x0800c486        0x2 
 .text.UARTEx_SetNbDataToProcess
                0x0800c488       0x9c ./Drivers/STM32H5xx_HAL_Driver/Src/stm32h5xx_hal_uart_ex.o
 .text.USB_CoreReset
                0x0800c524       0x2e ./Drivers/STM32H5xx_HAL_Driver/Src/stm32h5xx_ll_usb.o
 .text.USB_CoreInit
                0x0800c552       0x3c ./Drivers/STM32H5xx_HAL_Driver/Src/stm32h5xx_ll_usb.o
                0x0800c552                USB_CoreInit
 .text.USB_DisableGlobalInt
                0x0800c58e       0x2a ./Drivers/STM32H5xx_HAL_Driver/Src/stm32h5xx_ll_usb.o
                0x0800c58e                USB_DisableGlobalInt
 .text.USB_SetCurrentMode
                0x0800c5b8       0x46 ./Drivers/STM32H5xx_HAL_Driver/Src/stm32h5xx_ll_usb.o
                0x0800c5b8                USB_SetCurrentMode
 .text.USB_DevInit
                0x0800c5fe       0x46 ./Drivers/STM32H5xx_HAL_Driver/Src/stm32h5xx_ll_usb.o
                0x0800c5fe                USB_DevInit
 .text.USB_DevDisconnect
                0x0800c644       0x22 ./Drivers/STM32H5xx_HAL_Driver/Src/stm32h5xx_ll_usb.o
                0x0800c644                USB_DevDisconnect
 *fill*         0x0800c666        0x2 
 .text.__NVIC_SetPriority
                0x0800c668       0x54 ./Middlewares/Third_Party/FreeRTOS/Source/CMSIS_RTOS_V2/cmsis_os2.o
 .text.SysTick_Handler
                0x0800c6bc       0x20 ./Middlewares/Third_Party/FreeRTOS/Source/CMSIS_RTOS_V2/cmsis_os2.o
                0x0800c6bc                SysTick_Handler
 .text.SVC_Setup
                0x0800c6dc       0x12 ./Middlewares/Third_Party/FreeRTOS/Source/CMSIS_RTOS_V2/cmsis_os2.o
 .text.IRQ_Context
                0x0800c6ee       0x4e ./Middlewares/Third_Party/FreeRTOS/Source/CMSIS_RTOS_V2/cmsis_os2.o
 .text.osKernelInitialize
                0x0800c73c       0x4c ./Middlewares/Third_Party/FreeRTOS/Source/CMSIS_RTOS_V2/cmsis_os2.o
                0x0800c73c                osKernelInitialize
 .text.osKernelStart
                0x0800c788       0x54 ./Middlewares/Third_Party/FreeRTOS/Source/CMSIS_RTOS_V2/cmsis_os2.o
                0x0800c788                osKernelStart
 .text.osThreadNew
                0x0800c7dc      0x122 ./Middlewares/Third_Party/FreeRTOS/Source/CMSIS_RTOS_V2/cmsis_os2.o
                0x0800c7dc                osThreadNew
 .text.osDelay  0x0800c8fe       0x34 ./Middlewares/Third_Party/FreeRTOS/Source/CMSIS_RTOS_V2/cmsis_os2.o
                0x0800c8fe                osDelay
 *fill*         0x0800c932        0x2 
 .text.vApplicationGetIdleTaskMemory
                0x0800c934       0x34 ./Middlewares/Third_Party/FreeRTOS/Source/CMSIS_RTOS_V2/cmsis_os2.o
                0x0800c934                vApplicationGetIdleTaskMemory
 .text.vApplicationGetTimerTaskMemory
                0x0800c968       0x34 ./Middlewares/Third_Party/FreeRTOS/Source/CMSIS_RTOS_V2/cmsis_os2.o
                0x0800c968                vApplicationGetTimerTaskMemory
 .text.vListInitialise
                0x0800c99c       0x40 ./Middlewares/Third_Party/FreeRTOS/Source/list.o
                0x0800c99c                vListInitialise
 .text.vListInitialiseItem
                0x0800c9dc       0x1a ./Middlewares/Third_Party/FreeRTOS/Source/list.o
                0x0800c9dc                vListInitialiseItem
 .text.vListInsert
                0x0800c9f6       0x72 ./Middlewares/Third_Party/FreeRTOS/Source/list.o
                0x0800c9f6                vListInsert
 .text.uxListRemove
                0x0800ca68       0x54 ./Middlewares/Third_Party/FreeRTOS/Source/list.o
                0x0800ca68                uxListRemove
 .text.xQueueGenericReset
                0x0800cabc       0xf2 ./Middlewares/Third_Party/FreeRTOS/Source/queue.o
                0x0800cabc                xQueueGenericReset
 .text.xQueueGenericCreateStatic
                0x0800cbae       0x92 ./Middlewares/Third_Party/FreeRTOS/Source/queue.o
                0x0800cbae                xQueueGenericCreateStatic
 .text.prvInitialiseNewQueue
                0x0800cc40       0x46 ./Middlewares/Third_Party/FreeRTOS/Source/queue.o
 .text.xQueueReceive
                0x0800cc86      0x178 ./Middlewares/Third_Party/FreeRTOS/Source/queue.o
                0x0800cc86                xQueueReceive
 .text.prvCopyDataFromQueue
                0x0800cdfe       0x4c ./Middlewares/Third_Party/FreeRTOS/Source/queue.o
 .text.prvUnlockQueue
                0x0800ce4a       0xa4 ./Middlewares/Third_Party/FreeRTOS/Source/queue.o
 .text.prvIsQueueEmpty
                0x0800ceee       0x2c ./Middlewares/Third_Party/FreeRTOS/Source/queue.o
 *fill*         0x0800cf1a        0x2 
 .text.vQueueAddToRegistry
                0x0800cf1c       0x8c ./Middlewares/Third_Party/FreeRTOS/Source/queue.o
                0x0800cf1c                vQueueAddToRegistry
 .text.vQueueWaitForMessageRestricted
                0x0800cfa8       0x68 ./Middlewares/Third_Party/FreeRTOS/Source/queue.o
                0x0800cfa8                vQueueWaitForMessageRestricted
 .text.xTaskCreateStatic
                0x0800d010       0x9a ./Middlewares/Third_Party/FreeRTOS/Source/tasks.o
                0x0800d010                xTaskCreateStatic
 .text.xTaskCreate
                0x0800d0aa       0x94 ./Middlewares/Third_Party/FreeRTOS/Source/tasks.o
                0x0800d0aa                xTaskCreate
 .text.prvInitialiseNewTask
                0x0800d13e      0x104 ./Middlewares/Third_Party/FreeRTOS/Source/tasks.o
 *fill*         0x0800d242        0x2 
 .text.prvAddNewTaskToReadyList
                0x0800d244      0x120 ./Middlewares/Third_Party/FreeRTOS/Source/tasks.o
 .text.vTaskDelay
                0x0800d364       0x4c ./Middlewares/Third_Party/FreeRTOS/Source/tasks.o
                0x0800d364                vTaskDelay
 .text.vTaskStartScheduler
                0x0800d3b0       0xb8 ./Middlewares/Third_Party/FreeRTOS/Source/tasks.o
                0x0800d3b0                vTaskStartScheduler
 .text.vTaskSuspendAll
                0x0800d468       0x1c ./Middlewares/Third_Party/FreeRTOS/Source/tasks.o
                0x0800d468                vTaskSuspendAll
 .text.xTaskResumeAll
                0x0800d484      0x1dc ./Middlewares/Third_Party/FreeRTOS/Source/tasks.o
                0x0800d484                xTaskResumeAll
 .text.xTaskGetTickCount
                0x0800d660       0x20 ./Middlewares/Third_Party/FreeRTOS/Source/tasks.o
                0x0800d660                xTaskGetTickCount
 .text.xTaskIncrementTick
                0x0800d680      0x220 ./Middlewares/Third_Party/FreeRTOS/Source/tasks.o
                0x0800d680                xTaskIncrementTick
 .text.vTaskSwitchContext
                0x0800d8a0       0xa8 ./Middlewares/Third_Party/FreeRTOS/Source/tasks.o
                0x0800d8a0                vTaskSwitchContext
 .text.vTaskPlaceOnEventList
                0x0800d948       0x3c ./Middlewares/Third_Party/FreeRTOS/Source/tasks.o
                0x0800d948                vTaskPlaceOnEventList
 .text.vTaskPlaceOnEventListRestricted
                0x0800d984       0x7c ./Middlewares/Third_Party/FreeRTOS/Source/tasks.o
                0x0800d984                vTaskPlaceOnEventListRestricted
 .text.xTaskRemoveFromEventList
                0x0800da00      0x19c ./Middlewares/Third_Party/FreeRTOS/Source/tasks.o
                0x0800da00                xTaskRemoveFromEventList
 .text.vTaskInternalSetTimeOutState
                0x0800db9c       0x2c ./Middlewares/Third_Party/FreeRTOS/Source/tasks.o
                0x0800db9c                vTaskInternalSetTimeOutState
 .text.xTaskCheckForTimeOut
                0x0800dbc8       0xb0 ./Middlewares/Third_Party/FreeRTOS/Source/tasks.o
                0x0800dbc8                xTaskCheckForTimeOut
 .text.vTaskMissedYield
                0x0800dc78       0x18 ./Middlewares/Third_Party/FreeRTOS/Source/tasks.o
                0x0800dc78                vTaskMissedYield
 .text.prvIdleTask
                0x0800dc90       0x20 ./Middlewares/Third_Party/FreeRTOS/Source/tasks.o
 .text.prvInitialiseTaskLists
                0x0800dcb0       0x80 ./Middlewares/Third_Party/FreeRTOS/Source/tasks.o
 .text.prvCheckTasksWaitingTermination
                0x0800dd30       0x5c ./Middlewares/Third_Party/FreeRTOS/Source/tasks.o
 .text.prvDeleteTCB
                0x0800dd8c       0x50 ./Middlewares/Third_Party/FreeRTOS/Source/tasks.o
 .text.prvResetNextTaskUnblockTime
                0x0800dddc       0x38 ./Middlewares/Third_Party/FreeRTOS/Source/tasks.o
 .text.xTaskGetSchedulerState
                0x0800de14       0x3c ./Middlewares/Third_Party/FreeRTOS/Source/tasks.o
                0x0800de14                xTaskGetSchedulerState
 .text.prvAddCurrentTaskToDelayedList
                0x0800de50       0xdc ./Middlewares/Third_Party/FreeRTOS/Source/tasks.o
 .text.xTimerCreateTimerTask
                0x0800df2c       0x80 ./Middlewares/Third_Party/FreeRTOS/Source/timers.o
                0x0800df2c                xTimerCreateTimerTask
 .text.prvReloadTimer
                0x0800dfac       0x42 ./Middlewares/Third_Party/FreeRTOS/Source/timers.o
 *fill*         0x0800dfee        0x2 
 .text.prvProcessExpiredTimer
                0x0800dff0       0x60 ./Middlewares/Third_Party/FreeRTOS/Source/timers.o
 .text.prvTimerTask
                0x0800e050       0x26 ./Middlewares/Third_Party/FreeRTOS/Source/timers.o
 *fill*         0x0800e076        0x2 
 .text.prvProcessTimerOrBlockTask
                0x0800e078       0x8c ./Middlewares/Third_Party/FreeRTOS/Source/timers.o
 .text.prvGetNextExpireTime
                0x0800e104       0x48 ./Middlewares/Third_Party/FreeRTOS/Source/timers.o
 .text.prvSampleTimeNow
                0x0800e14c       0x40 ./Middlewares/Third_Party/FreeRTOS/Source/timers.o
 .text.prvInsertTimerInActiveList
                0x0800e18c       0x84 ./Middlewares/Third_Party/FreeRTOS/Source/timers.o
 .text.prvProcessReceivedCommands
                0x0800e210      0x19c ./Middlewares/Third_Party/FreeRTOS/Source/timers.o
 .text.prvSwitchTimerLists
                0x0800e3ac       0x4c ./Middlewares/Third_Party/FreeRTOS/Source/timers.o
 .text.prvCheckForValidListAndQueue
                0x0800e3f8       0x80 ./Middlewares/Third_Party/FreeRTOS/Source/timers.o
 .text.vPortSetupTimerInterrupt
                0x0800e478       0x48 ./Middlewares/Third_Party/FreeRTOS/Source/portable/GCC/ARM_CM33_NTZ/non_secure/port.o
                0x0800e478                vPortSetupTimerInterrupt
 .text.prvTaskExitError
                0x0800e4c0       0x38 ./Middlewares/Third_Party/FreeRTOS/Source/portable/GCC/ARM_CM33_NTZ/non_secure/port.o
 .text.vPortYield
                0x0800e4f8       0x24 ./Middlewares/Third_Party/FreeRTOS/Source/portable/GCC/ARM_CM33_NTZ/non_secure/port.o
                0x0800e4f8                vPortYield
 .text.vPortEnterCritical
                0x0800e51c       0x24 ./Middlewares/Third_Party/FreeRTOS/Source/portable/GCC/ARM_CM33_NTZ/non_secure/port.o
                0x0800e51c                vPortEnterCritical
 .text.vPortExitCritical
                0x0800e540       0x34 ./Middlewares/Third_Party/FreeRTOS/Source/portable/GCC/ARM_CM33_NTZ/non_secure/port.o
                0x0800e540                vPortExitCritical
 .text.xPortSysTickHandler
                0x0800e574       0x30 ./Middlewares/Third_Party/FreeRTOS/Source/portable/GCC/ARM_CM33_NTZ/non_secure/port.o
                0x0800e574                xPortSysTickHandler
 .text.vPortSVCHandler_C
                0x0800e5a4       0x32 ./Middlewares/Third_Party/FreeRTOS/Source/portable/GCC/ARM_CM33_NTZ/non_secure/port.o
                0x0800e5a4                vPortSVCHandler_C
 *fill*         0x0800e5d6        0x2 
 .text.pxPortInitialiseStack
                0x0800e5d8      0x114 ./Middlewares/Third_Party/FreeRTOS/Source/portable/GCC/ARM_CM33_NTZ/non_secure/port.o
                0x0800e5d8                pxPortInitialiseStack
 .text.xPortStartScheduler
                0x0800e6ec       0x40 ./Middlewares/Third_Party/FreeRTOS/Source/portable/GCC/ARM_CM33_NTZ/non_secure/port.o
                0x0800e6ec                xPortStartScheduler
 *fill*         0x0800e72c        0x4 
 .text.vRestoreContextOfFirstTask
                0x0800e730       0x38 ./Middlewares/Third_Party/FreeRTOS/Source/portable/GCC/ARM_CM33_NTZ/non_secure/portasm.o
                0x0800e730                vRestoreContextOfFirstTask
 *fill*         0x0800e768        0x8 
 .text.vStartFirstTask
                0x0800e770       0x28 ./Middlewares/Third_Party/FreeRTOS/Source/portable/GCC/ARM_CM33_NTZ/non_secure/portasm.o
                0x0800e770                vStartFirstTask
 .text.ulSetInterruptMask
                0x0800e798       0x1a ./Middlewares/Third_Party/FreeRTOS/Source/portable/GCC/ARM_CM33_NTZ/non_secure/portasm.o
                0x0800e798                ulSetInterruptMask
 .text.vClearInterruptMask
                0x0800e7b2       0x10 ./Middlewares/Third_Party/FreeRTOS/Source/portable/GCC/ARM_CM33_NTZ/non_secure/portasm.o
                0x0800e7b2                vClearInterruptMask
 *fill*         0x0800e7c2        0xe 
 .text.PendSV_Handler
                0x0800e7d0       0x58 ./Middlewares/Third_Party/FreeRTOS/Source/portable/GCC/ARM_CM33_NTZ/non_secure/portasm.o
                0x0800e7d0                PendSV_Handler
 *fill*         0x0800e828        0x8 
 .text.SVC_Handler
                0x0800e830       0x28 ./Middlewares/Third_Party/FreeRTOS/Source/portable/GCC/ARM_CM33_NTZ/non_secure/portasm.o
                0x0800e830                SVC_Handler
 .text.pvPortMalloc
                0x0800e858       0xa4 ./Middlewares/Third_Party/FreeRTOS/Source/portable/MemMang/heap_1.o
                0x0800e858                pvPortMalloc
 .text.vPortFree
                0x0800e8fc       0x1e ./Middlewares/Third_Party/FreeRTOS/Source/portable/MemMang/heap_1.o
                0x0800e8fc                vPortFree
 .text.memset   0x0800e91a       0x10 C:/ST/STM32CubeIDE_1.16.1/STM32CubeIDE/plugins/com.st.stm32cube.ide.mcu.externaltools.gnu-tools-for-stm32.12.3.rel1.win32_1.0.200.202406191623/tools/bin/../lib/gcc/arm-none-eabi/12.3.1/../../../../arm-none-eabi/lib/thumb/v8-m.main+fp/hard\libc_nano.a(libc_a-memset.o)
                0x0800e91a                memset
 *fill*         0x0800e92a        0x2 
 .text.__libc_init_array
                0x0800e92c       0x48 C:/ST/STM32CubeIDE_1.16.1/STM32CubeIDE/plugins/com.st.stm32cube.ide.mcu.externaltools.gnu-tools-for-stm32.12.3.rel1.win32_1.0.200.202406191623/tools/bin/../lib/gcc/arm-none-eabi/12.3.1/../../../../arm-none-eabi/lib/thumb/v8-m.main+fp/hard\libc_nano.a(libc_a-init.o)
                0x0800e92c                __libc_init_array
 .text.memcpy   0x0800e974       0x1a C:/ST/STM32CubeIDE_1.16.1/STM32CubeIDE/plugins/com.st.stm32cube.ide.mcu.externaltools.gnu-tools-for-stm32.12.3.rel1.win32_1.0.200.202406191623/tools/bin/../lib/gcc/arm-none-eabi/12.3.1/../../../../arm-none-eabi/lib/thumb/v8-m.main+fp/hard\libc_nano.a(libc_a-memcpy-stub.o)
                0x0800e974                memcpy
 *(.glue_7)
 .glue_7        0x0800e98e        0x0 linker stubs
 *(.glue_7t)
 .glue_7t       0x0800e98e        0x0 linker stubs
 *(.eh_frame)
 *fill*         0x0800e98e        0x2 
 .eh_frame      0x0800e990        0x0 C:/ST/STM32CubeIDE_1.16.1/STM32CubeIDE/plugins/com.st.stm32cube.ide.mcu.externaltools.gnu-tools-for-stm32.12.3.rel1.win32_1.0.200.202406191623/tools/bin/../lib/gcc/arm-none-eabi/12.3.1/thumb/v8-m.main+fp/hard/crtbegin.o
 *(.init)
 .init          0x0800e990        0x4 C:/ST/STM32CubeIDE_1.16.1/STM32CubeIDE/plugins/com.st.stm32cube.ide.mcu.externaltools.gnu-tools-for-stm32.12.3.rel1.win32_1.0.200.202406191623/tools/bin/../lib/gcc/arm-none-eabi/12.3.1/thumb/v8-m.main+fp/hard/crti.o
                0x0800e990                _init
 .init          0x0800e994        0x8 C:/ST/STM32CubeIDE_1.16.1/STM32CubeIDE/plugins/com.st.stm32cube.ide.mcu.externaltools.gnu-tools-for-stm32.12.3.rel1.win32_1.0.200.202406191623/tools/bin/../lib/gcc/arm-none-eabi/12.3.1/thumb/v8-m.main+fp/hard/crtn.o
 *(.fini)
 .fini          0x0800e99c        0x4 C:/ST/STM32CubeIDE_1.16.1/STM32CubeIDE/plugins/com.st.stm32cube.ide.mcu.externaltools.gnu-tools-for-stm32.12.3.rel1.win32_1.0.200.202406191623/tools/bin/../lib/gcc/arm-none-eabi/12.3.1/thumb/v8-m.main+fp/hard/crti.o
                0x0800e99c                _fini
 .fini          0x0800e9a0        0x8 C:/ST/STM32CubeIDE_1.16.1/STM32CubeIDE/plugins/com.st.stm32cube.ide.mcu.externaltools.gnu-tools-for-stm32.12.3.rel1.win32_1.0.200.202406191623/tools/bin/../lib/gcc/arm-none-eabi/12.3.1/thumb/v8-m.main+fp/hard/crtn.o
                0x0800e9a8                        . = ALIGN (0x4)
                0x0800e9a8                        _etext = .

.vfp11_veneer   0x0800e9a8        0x0
 .vfp11_veneer  0x0800e9a8        0x0 linker stubs

.v4_bx          0x0800e9a8        0x0
 .v4_bx         0x0800e9a8        0x0 linker stubs

.iplt           0x0800e9a8        0x0
 .iplt          0x0800e9a8        0x0 C:/ST/STM32CubeIDE_1.16.1/STM32CubeIDE/plugins/com.st.stm32cube.ide.mcu.externaltools.gnu-tools-for-stm32.12.3.rel1.win32_1.0.200.202406191623/tools/bin/../lib/gcc/arm-none-eabi/12.3.1/thumb/v8-m.main+fp/hard/crtbegin.o

.rodata         0x0800e9a8      0x14c
                0x0800e9a8                        . = ALIGN (0x4)
 *(.rodata)
 .rodata        0x0800e9a8       0x3e ./Core/Src/app_freertos.o
 *fill*         0x0800e9e6        0x2 
 .rodata        0x0800e9e8        0x5 ./Middlewares/Third_Party/FreeRTOS/Source/tasks.o
 *fill*         0x0800e9ed        0x3 
 .rodata        0x0800e9f0        0xd ./Middlewares/Third_Party/FreeRTOS/Source/timers.o
 *(.rodata*)
 *fill*         0x0800e9fd        0x3 
 .rodata.UARTTask_attributes
                0x0800ea00       0x24 ./Core/Src/app_freertos.o
                0x0800ea00                UARTTask_attributes
 .rodata.NeoPixelTask_attributes
                0x0800ea24       0x24 ./Core/Src/app_freertos.o
                0x0800ea24                NeoPixelTask_attributes
 .rodata.EncoderTask_attributes
                0x0800ea48       0x24 ./Core/Src/app_freertos.o
                0x0800ea48                EncoderTask_attributes
 .rodata.DisplayTask_attributes
                0x0800ea6c       0x24 ./Core/Src/app_freertos.o
                0x0800ea6c                DisplayTask_attributes
 .rodata.ServoTask_attributes
                0x0800ea90       0x24 ./Core/Src/app_freertos.o
                0x0800ea90                ServoTask_attributes
 .rodata.AHBPrescTable
                0x0800eab4       0x10 ./Core/Src/system_stm32h5xx.o
                0x0800eab4                AHBPrescTable
 .rodata.APBPrescTable
                0x0800eac4        0x8 ./Core/Src/system_stm32h5xx.o
                0x0800eac4                APBPrescTable
 .rodata.UARTPrescTable
                0x0800eacc       0x18 ./Drivers/STM32H5xx_HAL_Driver/Src/stm32h5xx_hal_uart.o
                0x0800eacc                UARTPrescTable
 .rodata.numerator.1
                0x0800eae4        0x8 ./Drivers/STM32H5xx_HAL_Driver/Src/stm32h5xx_hal_uart_ex.o
 .rodata.denominator.0
                0x0800eaec        0x8 ./Drivers/STM32H5xx_HAL_Driver/Src/stm32h5xx_hal_uart_ex.o
                0x0800eaf4                        . = ALIGN (0x4)

.ARM.extab      0x0800eaf4        0x0
                0x0800eaf4                        . = ALIGN (0x4)
 *(.ARM.extab* .gnu.linkonce.armextab.*)
                0x0800eaf4                        . = ALIGN (0x4)

.ARM            0x0800eaf4        0x8
                0x0800eaf4                        . = ALIGN (0x4)
                0x0800eaf4                        __exidx_start = .
 *(.ARM.exidx*)
 .ARM.exidx     0x0800eaf4        0x8 C:/ST/STM32CubeIDE_1.16.1/STM32CubeIDE/plugins/com.st.stm32cube.ide.mcu.externaltools.gnu-tools-for-stm32.12.3.rel1.win32_1.0.200.202406191623/tools/bin/../lib/gcc/arm-none-eabi/12.3.1/thumb/v8-m.main+fp/hard\libgcc.a(_udivmoddi4.o)
                0x0800eafc                        __exidx_end = .
                0x0800eafc                        . = ALIGN (0x4)

.preinit_array  0x0800eafc        0x0
                0x0800eafc                        . = ALIGN (0x4)
                0x0800eafc                        PROVIDE (__preinit_array_start = .)
 *(.preinit_array*)
                0x0800eafc                        PROVIDE (__preinit_array_end = .)
                0x0800eafc                        . = ALIGN (0x4)

.init_array     0x0800eafc        0x4
                0x0800eafc                        . = ALIGN (0x4)
                0x0800eafc                        PROVIDE (__init_array_start = .)
 *(SORT_BY_NAME(.init_array.*))
 *(.init_array*)
 .init_array    0x0800eafc        0x4 C:/ST/STM32CubeIDE_1.16.1/STM32CubeIDE/plugins/com.st.stm32cube.ide.mcu.externaltools.gnu-tools-for-stm32.12.3.rel1.win32_1.0.200.202406191623/tools/bin/../lib/gcc/arm-none-eabi/12.3.1/thumb/v8-m.main+fp/hard/crtbegin.o
                0x0800eb00                        PROVIDE (__init_array_end = .)
                0x0800eb00                        . = ALIGN (0x4)

.fini_array     0x0800eb00        0x4
                0x0800eb00                        . = ALIGN (0x4)
                [!provide]                        PROVIDE (__fini_array_start = .)
 *(SORT_BY_NAME(.fini_array.*))
 *(.fini_array*)
 .fini_array    0x0800eb00        0x4 C:/ST/STM32CubeIDE_1.16.1/STM32CubeIDE/plugins/com.st.stm32cube.ide.mcu.externaltools.gnu-tools-for-stm32.12.3.rel1.win32_1.0.200.202406191623/tools/bin/../lib/gcc/arm-none-eabi/12.3.1/thumb/v8-m.main+fp/hard/crtbegin.o
                [!provide]                        PROVIDE (__fini_array_end = .)
                0x0800eb04                        . = ALIGN (0x4)
                0x0800eb04                        _sidata = LOADADDR (.data)

.rel.dyn        0x0800eb04        0x0
 .rel.iplt      0x0800eb04        0x0 C:/ST/STM32CubeIDE_1.16.1/STM32CubeIDE/plugins/com.st.stm32cube.ide.mcu.externaltools.gnu-tools-for-stm32.12.3.rel1.win32_1.0.200.202406191623/tools/bin/../lib/gcc/arm-none-eabi/12.3.1/thumb/v8-m.main+fp/hard/crtbegin.o

.data           0x20000000       0x14 load address 0x0800eb04
                0x20000000                        . = ALIGN (0x4)
                0x20000000                        _sdata = .
 *(.data)
 *(.data*)
 .data.SystemCoreClock
                0x20000000        0x4 ./Core/Src/system_stm32h5xx.o
                0x20000000                SystemCoreClock
 .data.uwTickPrio
                0x20000004        0x4 ./Drivers/STM32H5xx_HAL_Driver/Src/stm32h5xx_hal.o
                0x20000004                uwTickPrio
 .data.uwTickFreq
                0x20000008        0x1 ./Drivers/STM32H5xx_HAL_Driver/Src/stm32h5xx_hal.o
                0x20000008                uwTickFreq
 *fill*         0x20000009        0x3 
 .data.uxTopUsedPriority
                0x2000000c        0x4 ./Middlewares/Third_Party/FreeRTOS/Source/tasks.o
                0x2000000c                uxTopUsedPriority
 .data.ulCriticalNesting
                0x20000010        0x4 ./Middlewares/Third_Party/FreeRTOS/Source/portable/GCC/ARM_CM33_NTZ/non_secure/port.o
 *(.RamFunc)
 *(.RamFunc*)
                0x20000014                        . = ALIGN (0x4)
                0x20000014                        _edata = .

.igot.plt       0x20000014        0x0 load address 0x0800eb18
 .igot.plt      0x20000014        0x0 C:/ST/STM32CubeIDE_1.16.1/STM32CubeIDE/plugins/com.st.stm32cube.ide.mcu.externaltools.gnu-tools-for-stm32.12.3.rel1.win32_1.0.200.202406191623/tools/bin/../lib/gcc/arm-none-eabi/12.3.1/thumb/v8-m.main+fp/hard/crtbegin.o
                0x20000014                        . = ALIGN (0x4)

.bss            0x20000014     0x38d8 load address 0x0800eb18
                0x20000014                        _sbss = .
                0x20000014                        __bss_start__ = _sbss
 *(.bss)
 .bss           0x20000014       0x1c C:/ST/STM32CubeIDE_1.16.1/STM32CubeIDE/plugins/com.st.stm32cube.ide.mcu.externaltools.gnu-tools-for-stm32.12.3.rel1.win32_1.0.200.202406191623/tools/bin/../lib/gcc/arm-none-eabi/12.3.1/thumb/v8-m.main+fp/hard/crtbegin.o
 *(.bss*)
 .bss.UARTTaskHandle
                0x20000030        0x4 ./Core/Src/app_freertos.o
                0x20000030                UARTTaskHandle
 .bss.NeoPixelTaskHandle
                0x20000034        0x4 ./Core/Src/app_freertos.o
                0x20000034                NeoPixelTaskHandle
 .bss.EncoderTaskHandle
                0x20000038        0x4 ./Core/Src/app_freertos.o
                0x20000038                EncoderTaskHandle
 .bss.DisplayTaskHandle
                0x2000003c        0x4 ./Core/Src/app_freertos.o
                0x2000003c                DisplayTaskHandle
 .bss.ServoTaskHandle
                0x20000040        0x4 ./Core/Src/app_freertos.o
                0x20000040                ServoTaskHandle
 .bss.hi2c2     0x20000044       0x54 ./Core/Src/main.o
                0x20000044                hi2c2
 .bss.htim2     0x20000098       0x4c ./Core/Src/main.o
                0x20000098                htim2
 .bss.htim4     0x200000e4       0x4c ./Core/Src/main.o
                0x200000e4                htim4
 .bss.htim17    0x20000130       0x4c ./Core/Src/main.o
                0x20000130                htim17
 .bss.handle_GPDMA2_Channel0
                0x2000017c       0x78 ./Core/Src/main.o
                0x2000017c                handle_GPDMA2_Channel0
 .bss.huart1    0x200001f4       0x94 ./Core/Src/main.o
                0x200001f4                huart1
 .bss.huart2    0x20000288       0x94 ./Core/Src/main.o
                0x20000288                huart2
 .bss.huart3    0x2000031c       0x94 ./Core/Src/main.o
                0x2000031c                huart3
 .bss.handle_GPDMA1_Channel1
                0x200003b0       0x78 ./Core/Src/main.o
                0x200003b0                handle_GPDMA1_Channel1
 .bss.handle_GPDMA1_Channel0
                0x20000428       0x78 ./Core/Src/main.o
                0x20000428                handle_GPDMA1_Channel0
 .bss.handle_GPDMA1_Channel3
                0x200004a0       0x78 ./Core/Src/main.o
                0x200004a0                handle_GPDMA1_Channel3
 .bss.handle_GPDMA1_Channel2
                0x20000518       0x78 ./Core/Src/main.o
                0x20000518                handle_GPDMA1_Channel2
 .bss.handle_GPDMA1_Channel5
                0x20000590       0x78 ./Core/Src/main.o
                0x20000590                handle_GPDMA1_Channel5
 .bss.handle_GPDMA1_Channel4
                0x20000608       0x78 ./Core/Src/main.o
                0x20000608                handle_GPDMA1_Channel4
 .bss.hpcd_USB_DRD_FS
                0x20000680      0x2e4 ./Core/Src/main.o
                0x20000680                hpcd_USB_DRD_FS
 .bss.htim1     0x20000964       0x4c ./Core/Src/stm32h5xx_hal_timebase_tim.o
                0x20000964                htim1
 .bss.SSD1306_Buffer
                0x200009b0      0x400 ./Drivers/OLED/ssd1306.o
 .bss.SSD1306   0x20000db0        0x6 ./Drivers/OLED/ssd1306.o
 *fill*         0x20000db6        0x2 
 .bss.uwTick    0x20000db8        0x4 ./Drivers/STM32H5xx_HAL_Driver/Src/stm32h5xx_hal.o
                0x20000db8                uwTick
 .bss.KernelState
                0x20000dbc        0x4 ./Middlewares/Third_Party/FreeRTOS/Source/CMSIS_RTOS_V2/cmsis_os2.o
 .bss.Idle_TCB.3
                0x20000dc0       0x5c ./Middlewares/Third_Party/FreeRTOS/Source/CMSIS_RTOS_V2/cmsis_os2.o
 .bss.Idle_Stack.2
                0x20000e1c      0x200 ./Middlewares/Third_Party/FreeRTOS/Source/CMSIS_RTOS_V2/cmsis_os2.o
 .bss.Timer_TCB.1
                0x2000101c       0x5c ./Middlewares/Third_Party/FreeRTOS/Source/CMSIS_RTOS_V2/cmsis_os2.o
 .bss.Timer_Stack.0
                0x20001078      0x200 ./Middlewares/Third_Party/FreeRTOS/Source/CMSIS_RTOS_V2/cmsis_os2.o
 .bss.xQueueRegistry
                0x20001278       0x40 ./Middlewares/Third_Party/FreeRTOS/Source/queue.o
                0x20001278                xQueueRegistry
 .bss.pxCurrentTCB
                0x200012b8        0x4 ./Middlewares/Third_Party/FreeRTOS/Source/tasks.o
                0x200012b8                pxCurrentTCB
 .bss.pxReadyTasksLists
                0x200012bc      0x460 ./Middlewares/Third_Party/FreeRTOS/Source/tasks.o
 .bss.xDelayedTaskList1
                0x2000171c       0x14 ./Middlewares/Third_Party/FreeRTOS/Source/tasks.o
 .bss.xDelayedTaskList2
                0x20001730       0x14 ./Middlewares/Third_Party/FreeRTOS/Source/tasks.o
 .bss.pxDelayedTaskList
                0x20001744        0x4 ./Middlewares/Third_Party/FreeRTOS/Source/tasks.o
 .bss.pxOverflowDelayedTaskList
                0x20001748        0x4 ./Middlewares/Third_Party/FreeRTOS/Source/tasks.o
 .bss.xPendingReadyList
                0x2000174c       0x14 ./Middlewares/Third_Party/FreeRTOS/Source/tasks.o
 .bss.xTasksWaitingTermination
                0x20001760       0x14 ./Middlewares/Third_Party/FreeRTOS/Source/tasks.o
 .bss.uxDeletedTasksWaitingCleanUp
                0x20001774        0x4 ./Middlewares/Third_Party/FreeRTOS/Source/tasks.o
 .bss.xSuspendedTaskList
                0x20001778       0x14 ./Middlewares/Third_Party/FreeRTOS/Source/tasks.o
 .bss.uxCurrentNumberOfTasks
                0x2000178c        0x4 ./Middlewares/Third_Party/FreeRTOS/Source/tasks.o
 .bss.xTickCount
                0x20001790        0x4 ./Middlewares/Third_Party/FreeRTOS/Source/tasks.o
 .bss.uxTopReadyPriority
                0x20001794        0x4 ./Middlewares/Third_Party/FreeRTOS/Source/tasks.o
 .bss.xSchedulerRunning
                0x20001798        0x4 ./Middlewares/Third_Party/FreeRTOS/Source/tasks.o
 .bss.xPendedTicks
                0x2000179c        0x4 ./Middlewares/Third_Party/FreeRTOS/Source/tasks.o
 .bss.xYieldPending
                0x200017a0        0x4 ./Middlewares/Third_Party/FreeRTOS/Source/tasks.o
 .bss.xNumOfOverflows
                0x200017a4        0x4 ./Middlewares/Third_Party/FreeRTOS/Source/tasks.o
 .bss.uxTaskNumber
                0x200017a8        0x4 ./Middlewares/Third_Party/FreeRTOS/Source/tasks.o
 .bss.xNextTaskUnblockTime
                0x200017ac        0x4 ./Middlewares/Third_Party/FreeRTOS/Source/tasks.o
 .bss.xIdleTaskHandle
                0x200017b0        0x4 ./Middlewares/Third_Party/FreeRTOS/Source/tasks.o
 .bss.uxSchedulerSuspended
                0x200017b4        0x4 ./Middlewares/Third_Party/FreeRTOS/Source/tasks.o
 .bss.xActiveTimerList1
                0x200017b8       0x14 ./Middlewares/Third_Party/FreeRTOS/Source/timers.o
 .bss.xActiveTimerList2
                0x200017cc       0x14 ./Middlewares/Third_Party/FreeRTOS/Source/timers.o
 .bss.pxCurrentTimerList
                0x200017e0        0x4 ./Middlewares/Third_Party/FreeRTOS/Source/timers.o
 .bss.pxOverflowTimerList
                0x200017e4        0x4 ./Middlewares/Third_Party/FreeRTOS/Source/timers.o
 .bss.xTimerQueue
                0x200017e8        0x4 ./Middlewares/Third_Party/FreeRTOS/Source/timers.o
 .bss.xTimerTaskHandle
                0x200017ec        0x4 ./Middlewares/Third_Party/FreeRTOS/Source/timers.o
 .bss.xLastTime.2
                0x200017f0        0x4 ./Middlewares/Third_Party/FreeRTOS/Source/timers.o
 .bss.ucStaticTimerQueueStorage.1
                0x200017f4       0xa0 ./Middlewares/Third_Party/FreeRTOS/Source/timers.o
 .bss.xStaticTimerQueue.0
                0x20001894       0x50 ./Middlewares/Third_Party/FreeRTOS/Source/timers.o
 .bss.ucHeap    0x200018e4     0x2000 ./Middlewares/Third_Party/FreeRTOS/Source/portable/MemMang/heap_1.o
 .bss.xNextFreeByte
                0x200038e4        0x4 ./Middlewares/Third_Party/FreeRTOS/Source/portable/MemMang/heap_1.o
 .bss.pucAlignedHeap.0
                0x200038e8        0x4 ./Middlewares/Third_Party/FreeRTOS/Source/portable/MemMang/heap_1.o
 *(COMMON)
                0x200038ec                        . = ALIGN (0x4)
                0x200038ec                        _ebss = .
                0x200038ec                        __bss_end__ = _ebss

._user_heap_stack
                0x200038ec      0x604 load address 0x0800eb18
                0x200038f0                        . = ALIGN (0x8)
 *fill*         0x200038ec        0x4 
                [!provide]                        PROVIDE (end = .)
                0x200038f0                        PROVIDE (_end = .)
                0x20003af0                        . = (. + _Min_Heap_Size)
 *fill*         0x200038f0      0x200 
                0x20003ef0                        . = (. + _Min_Stack_Size)
 *fill*         0x20003af0      0x400 
                0x20003ef0                        . = ALIGN (0x8)

/DISCARD/
 libc.a(*)
 libm.a(*)
 libgcc.a(*)

.ARM.attributes
                0x00000000       0x36
 *(.ARM.attributes)
 .ARM.attributes
                0x00000000       0x26 C:/ST/STM32CubeIDE_1.16.1/STM32CubeIDE/plugins/com.st.stm32cube.ide.mcu.externaltools.gnu-tools-for-stm32.12.3.rel1.win32_1.0.200.202406191623/tools/bin/../lib/gcc/arm-none-eabi/12.3.1/thumb/v8-m.main+fp/hard/crti.o
 .ARM.attributes
                0x00000026       0x38 C:/ST/STM32CubeIDE_1.16.1/STM32CubeIDE/plugins/com.st.stm32cube.ide.mcu.externaltools.gnu-tools-for-stm32.12.3.rel1.win32_1.0.200.202406191623/tools/bin/../lib/gcc/arm-none-eabi/12.3.1/thumb/v8-m.main+fp/hard/crtbegin.o
 .ARM.attributes
                0x0000005e       0x3a ./Core/Src/app_freertos.o
 .ARM.attributes
                0x00000098       0x3a ./Core/Src/main.o
 .ARM.attributes
                0x000000d2       0x3a ./Core/Src/stm32h5xx_hal_msp.o
 .ARM.attributes
                0x0000010c       0x3a ./Core/Src/stm32h5xx_hal_timebase_tim.o
 .ARM.attributes
                0x00000146       0x3a ./Core/Src/stm32h5xx_it.o
 .ARM.attributes
                0x00000180       0x3a ./Core/Src/system_stm32h5xx.o
 .ARM.attributes
                0x000001ba       0x24 ./Core/Startup/startup_stm32h562rgtx.o
 .ARM.attributes
                0x000001de       0x3a ./Drivers/OLED/ssd1306.o
 .ARM.attributes
                0x00000218       0x3a ./Drivers/STM32H5xx_HAL_Driver/Src/stm32h5xx_hal.o
 .ARM.attributes
                0x00000252       0x3a ./Drivers/STM32H5xx_HAL_Driver/Src/stm32h5xx_hal_cortex.o
 .ARM.attributes
                0x0000028c       0x3a ./Drivers/STM32H5xx_HAL_Driver/Src/stm32h5xx_hal_dma.o
 .ARM.attributes
                0x000002c6       0x3a ./Drivers/STM32H5xx_HAL_Driver/Src/stm32h5xx_hal_gpio.o
 .ARM.attributes
                0x00000300       0x3a ./Drivers/STM32H5xx_HAL_Driver/Src/stm32h5xx_hal_i2c.o
 .ARM.attributes
                0x0000033a       0x3a ./Drivers/STM32H5xx_HAL_Driver/Src/stm32h5xx_hal_i2c_ex.o
 .ARM.attributes
                0x00000374       0x3a ./Drivers/STM32H5xx_HAL_Driver/Src/stm32h5xx_hal_icache.o
 .ARM.attributes
                0x000003ae       0x3a ./Drivers/STM32H5xx_HAL_Driver/Src/stm32h5xx_hal_pcd.o
 .ARM.attributes
                0x000003e8       0x3a ./Drivers/STM32H5xx_HAL_Driver/Src/stm32h5xx_hal_pcd_ex.o
 .ARM.attributes
                0x00000422       0x3a ./Drivers/STM32H5xx_HAL_Driver/Src/stm32h5xx_hal_pwr_ex.o
 .ARM.attributes
                0x0000045c       0x3a ./Drivers/STM32H5xx_HAL_Driver/Src/stm32h5xx_hal_rcc.o
 .ARM.attributes
                0x00000496       0x3a ./Drivers/STM32H5xx_HAL_Driver/Src/stm32h5xx_hal_rcc_ex.o
 .ARM.attributes
                0x000004d0       0x3a ./Drivers/STM32H5xx_HAL_Driver/Src/stm32h5xx_hal_tim.o
 .ARM.attributes
                0x0000050a       0x3a ./Drivers/STM32H5xx_HAL_Driver/Src/stm32h5xx_hal_tim_ex.o
 .ARM.attributes
                0x00000544       0x3a ./Drivers/STM32H5xx_HAL_Driver/Src/stm32h5xx_hal_uart.o
 .ARM.attributes
                0x0000057e       0x3a ./Drivers/STM32H5xx_HAL_Driver/Src/stm32h5xx_hal_uart_ex.o
 .ARM.attributes
                0x000005b8       0x3a ./Drivers/STM32H5xx_HAL_Driver/Src/stm32h5xx_ll_usb.o
 .ARM.attributes
                0x000005f2       0x3a ./Middlewares/Third_Party/FreeRTOS/Source/CMSIS_RTOS_V2/cmsis_os2.o
 .ARM.attributes
                0x0000062c       0x3a ./Middlewares/Third_Party/FreeRTOS/Source/list.o
 .ARM.attributes
                0x00000666       0x3a ./Middlewares/Third_Party/FreeRTOS/Source/queue.o
 .ARM.attributes
                0x000006a0       0x3a ./Middlewares/Third_Party/FreeRTOS/Source/tasks.o
 .ARM.attributes
                0x000006da       0x3a ./Middlewares/Third_Party/FreeRTOS/Source/timers.o
 .ARM.attributes
                0x00000714       0x3a ./Middlewares/Third_Party/FreeRTOS/Source/portable/GCC/ARM_CM33_NTZ/non_secure/port.o
 .ARM.attributes
                0x0000074e       0x3a ./Middlewares/Third_Party/FreeRTOS/Source/portable/GCC/ARM_CM33_NTZ/non_secure/portasm.o
 .ARM.attributes
                0x00000788       0x3a ./Middlewares/Third_Party/FreeRTOS/Source/portable/MemMang/heap_1.o
 .ARM.attributes
                0x000007c2       0x38 C:/ST/STM32CubeIDE_1.16.1/STM32CubeIDE/plugins/com.st.stm32cube.ide.mcu.externaltools.gnu-tools-for-stm32.12.3.rel1.win32_1.0.200.202406191623/tools/bin/../lib/gcc/arm-none-eabi/12.3.1/../../../../arm-none-eabi/lib/thumb/v8-m.main+fp/hard\libc_nano.a(libc_a-memset.o)
 .ARM.attributes
                0x000007fa       0x38 C:/ST/STM32CubeIDE_1.16.1/STM32CubeIDE/plugins/com.st.stm32cube.ide.mcu.externaltools.gnu-tools-for-stm32.12.3.rel1.win32_1.0.200.202406191623/tools/bin/../lib/gcc/arm-none-eabi/12.3.1/../../../../arm-none-eabi/lib/thumb/v8-m.main+fp/hard\libc_nano.a(libc_a-init.o)
 .ARM.attributes
                0x00000832       0x38 C:/ST/STM32CubeIDE_1.16.1/STM32CubeIDE/plugins/com.st.stm32cube.ide.mcu.externaltools.gnu-tools-for-stm32.12.3.rel1.win32_1.0.200.202406191623/tools/bin/../lib/gcc/arm-none-eabi/12.3.1/../../../../arm-none-eabi/lib/thumb/v8-m.main+fp/hard\libc_nano.a(libc_a-memcpy-stub.o)
 .ARM.attributes
                0x0000086a       0x26 C:/ST/STM32CubeIDE_1.16.1/STM32CubeIDE/plugins/com.st.stm32cube.ide.mcu.externaltools.gnu-tools-for-stm32.12.3.rel1.win32_1.0.200.202406191623/tools/bin/../lib/gcc/arm-none-eabi/12.3.1/thumb/v8-m.main+fp/hard\libgcc.a(_aeabi_uldivmod.o)
 .ARM.attributes
                0x00000890       0x38 C:/ST/STM32CubeIDE_1.16.1/STM32CubeIDE/plugins/com.st.stm32cube.ide.mcu.externaltools.gnu-tools-for-stm32.12.3.rel1.win32_1.0.200.202406191623/tools/bin/../lib/gcc/arm-none-eabi/12.3.1/thumb/v8-m.main+fp/hard\libgcc.a(_udivmoddi4.o)
 .ARM.attributes
                0x000008c8       0x26 C:/ST/STM32CubeIDE_1.16.1/STM32CubeIDE/plugins/com.st.stm32cube.ide.mcu.externaltools.gnu-tools-for-stm32.12.3.rel1.win32_1.0.200.202406191623/tools/bin/../lib/gcc/arm-none-eabi/12.3.1/thumb/v8-m.main+fp/hard\libgcc.a(_dvmd_tls.o)
 .ARM.attributes
                0x000008ee       0x26 C:/ST/STM32CubeIDE_1.16.1/STM32CubeIDE/plugins/com.st.stm32cube.ide.mcu.externaltools.gnu-tools-for-stm32.12.3.rel1.win32_1.0.200.202406191623/tools/bin/../lib/gcc/arm-none-eabi/12.3.1/thumb/v8-m.main+fp/hard/crtn.o
OUTPUT(mini-hexgrid-v2.elf elf32-littlearm)
LOAD linker stubs
LOAD C:/ST/STM32CubeIDE_1.16.1/STM32CubeIDE/plugins/com.st.stm32cube.ide.mcu.externaltools.gnu-tools-for-stm32.12.3.rel1.win32_1.0.200.202406191623/tools/bin/../lib/gcc/arm-none-eabi/12.3.1/../../../../arm-none-eabi/lib/thumb/v8-m.main+fp/hard\libc.a
LOAD C:/ST/STM32CubeIDE_1.16.1/STM32CubeIDE/plugins/com.st.stm32cube.ide.mcu.externaltools.gnu-tools-for-stm32.12.3.rel1.win32_1.0.200.202406191623/tools/bin/../lib/gcc/arm-none-eabi/12.3.1/../../../../arm-none-eabi/lib/thumb/v8-m.main+fp/hard\libm.a
LOAD C:/ST/STM32CubeIDE_1.16.1/STM32CubeIDE/plugins/com.st.stm32cube.ide.mcu.externaltools.gnu-tools-for-stm32.12.3.rel1.win32_1.0.200.202406191623/tools/bin/../lib/gcc/arm-none-eabi/12.3.1/thumb/v8-m.main+fp/hard\libgcc.a

.debug_info     0x00000000    0x29428
 .debug_info    0x00000000      0xd60 ./Core/Src/app_freertos.o
 .debug_info    0x00000d60     0x2a86 ./Core/Src/main.o
 .debug_info    0x000037e6     0x241c ./Core/Src/stm32h5xx_hal_msp.o
 .debug_info    0x00005c02     0x1176 ./Core/Src/stm32h5xx_hal_timebase_tim.o
 .debug_info    0x00006d78      0xe64 ./Core/Src/stm32h5xx_it.o
 .debug_info    0x00007bdc      0xd8e ./Core/Src/system_stm32h5xx.o
 .debug_info    0x0000896a       0x30 ./Core/Startup/startup_stm32h562rgtx.o
 .debug_info    0x0000899a     0x146d ./Drivers/OLED/ssd1306.o
 .debug_info    0x00009e07     0x1381 ./Drivers/STM32H5xx_HAL_Driver/Src/stm32h5xx_hal.o
 .debug_info    0x0000b188     0x163a ./Drivers/STM32H5xx_HAL_Driver/Src/stm32h5xx_hal_cortex.o
 .debug_info    0x0000c7c2      0xadc ./Drivers/STM32H5xx_HAL_Driver/Src/stm32h5xx_hal_dma.o
 .debug_info    0x0000d29e      0x6b6 ./Drivers/STM32H5xx_HAL_Driver/Src/stm32h5xx_hal_gpio.o
 .debug_info    0x0000d954     0x2322 ./Drivers/STM32H5xx_HAL_Driver/Src/stm32h5xx_hal_i2c.o
 .debug_info    0x0000fc76      0x8f3 ./Drivers/STM32H5xx_HAL_Driver/Src/stm32h5xx_hal_i2c_ex.o
 .debug_info    0x00010569      0x4d6 ./Drivers/STM32H5xx_HAL_Driver/Src/stm32h5xx_hal_icache.o
 .debug_info    0x00010a3f     0x14e5 ./Drivers/STM32H5xx_HAL_Driver/Src/stm32h5xx_hal_pcd.o
 .debug_info    0x00011f24      0x7eb ./Drivers/STM32H5xx_HAL_Driver/Src/stm32h5xx_hal_pcd_ex.o
 .debug_info    0x0001270f      0x928 ./Drivers/STM32H5xx_HAL_Driver/Src/stm32h5xx_hal_pwr_ex.o
 .debug_info    0x00013037     0x109f ./Drivers/STM32H5xx_HAL_Driver/Src/stm32h5xx_hal_rcc.o
 .debug_info    0x000140d6     0x12c8 ./Drivers/STM32H5xx_HAL_Driver/Src/stm32h5xx_hal_rcc_ex.o
 .debug_info    0x0001539e     0x2e54 ./Drivers/STM32H5xx_HAL_Driver/Src/stm32h5xx_hal_tim.o
 .debug_info    0x000181f2     0x1eaa ./Drivers/STM32H5xx_HAL_Driver/Src/stm32h5xx_hal_tim_ex.o
 .debug_info    0x0001a09c     0x4030 ./Drivers/STM32H5xx_HAL_Driver/Src/stm32h5xx_hal_uart.o
 .debug_info    0x0001e0cc     0x10ed ./Drivers/STM32H5xx_HAL_Driver/Src/stm32h5xx_hal_uart_ex.o
 .debug_info    0x0001f1b9     0x1a26 ./Drivers/STM32H5xx_HAL_Driver/Src/stm32h5xx_ll_usb.o
 .debug_info    0x00020bdf     0x3702 ./Middlewares/Third_Party/FreeRTOS/Source/CMSIS_RTOS_V2/cmsis_os2.o
 .debug_info    0x000242e1      0x2af ./Middlewares/Third_Party/FreeRTOS/Source/list.o
 .debug_info    0x00024590     0x15db ./Middlewares/Third_Party/FreeRTOS/Source/queue.o
 .debug_info    0x00025b6b     0x2012 ./Middlewares/Third_Party/FreeRTOS/Source/tasks.o
 .debug_info    0x00027b7d     0x12bc ./Middlewares/Third_Party/FreeRTOS/Source/timers.o
 .debug_info    0x00028e39      0x2eb ./Middlewares/Third_Party/FreeRTOS/Source/portable/GCC/ARM_CM33_NTZ/non_secure/port.o
 .debug_info    0x00029124      0x14e ./Middlewares/Third_Party/FreeRTOS/Source/portable/GCC/ARM_CM33_NTZ/non_secure/portasm.o
 .debug_info    0x00029272      0x1b6 ./Middlewares/Third_Party/FreeRTOS/Source/portable/MemMang/heap_1.o

.debug_abbrev   0x00000000     0x4e60
 .debug_abbrev  0x00000000      0x240 ./Core/Src/app_freertos.o
 .debug_abbrev  0x00000240      0x3ae ./Core/Src/main.o
 .debug_abbrev  0x000005ee      0x2d3 ./Core/Src/stm32h5xx_hal_msp.o
 .debug_abbrev  0x000008c1      0x229 ./Core/Src/stm32h5xx_hal_timebase_tim.o
 .debug_abbrev  0x00000aea      0x1d5 ./Core/Src/stm32h5xx_it.o
 .debug_abbrev  0x00000cbf      0x13a ./Core/Src/system_stm32h5xx.o
 .debug_abbrev  0x00000df9       0x24 ./Core/Startup/startup_stm32h562rgtx.o
 .debug_abbrev  0x00000e1d      0x36c ./Drivers/OLED/ssd1306.o
 .debug_abbrev  0x00001189      0x2af ./Drivers/STM32H5xx_HAL_Driver/Src/stm32h5xx_hal.o
 .debug_abbrev  0x00001438      0x311 ./Drivers/STM32H5xx_HAL_Driver/Src/stm32h5xx_hal_cortex.o
 .debug_abbrev  0x00001749      0x1ff ./Drivers/STM32H5xx_HAL_Driver/Src/stm32h5xx_hal_dma.o
 .debug_abbrev  0x00001948      0x1db ./Drivers/STM32H5xx_HAL_Driver/Src/stm32h5xx_hal_gpio.o
 .debug_abbrev  0x00001b23      0x271 ./Drivers/STM32H5xx_HAL_Driver/Src/stm32h5xx_hal_i2c.o
 .debug_abbrev  0x00001d94      0x1a8 ./Drivers/STM32H5xx_HAL_Driver/Src/stm32h5xx_hal_i2c_ex.o
 .debug_abbrev  0x00001f3c      0x228 ./Drivers/STM32H5xx_HAL_Driver/Src/stm32h5xx_hal_icache.o
 .debug_abbrev  0x00002164      0x302 ./Drivers/STM32H5xx_HAL_Driver/Src/stm32h5xx_hal_pcd.o
 .debug_abbrev  0x00002466      0x1e8 ./Drivers/STM32H5xx_HAL_Driver/Src/stm32h5xx_hal_pcd_ex.o
 .debug_abbrev  0x0000264e      0x299 ./Drivers/STM32H5xx_HAL_Driver/Src/stm32h5xx_hal_pwr_ex.o
 .debug_abbrev  0x000028e7      0x290 ./Drivers/STM32H5xx_HAL_Driver/Src/stm32h5xx_hal_rcc.o
 .debug_abbrev  0x00002b77      0x269 ./Drivers/STM32H5xx_HAL_Driver/Src/stm32h5xx_hal_rcc_ex.o
 .debug_abbrev  0x00002de0      0x2bd ./Drivers/STM32H5xx_HAL_Driver/Src/stm32h5xx_hal_tim.o
 .debug_abbrev  0x0000309d      0x2c7 ./Drivers/STM32H5xx_HAL_Driver/Src/stm32h5xx_hal_tim_ex.o
 .debug_abbrev  0x00003364      0x305 ./Drivers/STM32H5xx_HAL_Driver/Src/stm32h5xx_hal_uart.o
 .debug_abbrev  0x00003669      0x2d4 ./Drivers/STM32H5xx_HAL_Driver/Src/stm32h5xx_hal_uart_ex.o
 .debug_abbrev  0x0000393d      0x237 ./Drivers/STM32H5xx_HAL_Driver/Src/stm32h5xx_ll_usb.o
 .debug_abbrev  0x00003b74      0x4ed ./Middlewares/Third_Party/FreeRTOS/Source/CMSIS_RTOS_V2/cmsis_os2.o
 .debug_abbrev  0x00004061       0xf5 ./Middlewares/Third_Party/FreeRTOS/Source/list.o
 .debug_abbrev  0x00004156      0x326 ./Middlewares/Third_Party/FreeRTOS/Source/queue.o
 .debug_abbrev  0x0000447c      0x32a ./Middlewares/Third_Party/FreeRTOS/Source/tasks.o
 .debug_abbrev  0x000047a6      0x326 ./Middlewares/Third_Party/FreeRTOS/Source/timers.o
 .debug_abbrev  0x00004acc      0x1a5 ./Middlewares/Third_Party/FreeRTOS/Source/portable/GCC/ARM_CM33_NTZ/non_secure/port.o
 .debug_abbrev  0x00004c71       0xb7 ./Middlewares/Third_Party/FreeRTOS/Source/portable/GCC/ARM_CM33_NTZ/non_secure/portasm.o
 .debug_abbrev  0x00004d28      0x138 ./Middlewares/Third_Party/FreeRTOS/Source/portable/MemMang/heap_1.o

.debug_aranges  0x00000000     0x2280
 .debug_aranges
                0x00000000       0x48 ./Core/Src/app_freertos.o
 .debug_aranges
                0x00000048       0x98 ./Core/Src/main.o
 .debug_aranges
                0x000000e0       0x68 ./Core/Src/stm32h5xx_hal_msp.o
 .debug_aranges
                0x00000148       0x30 ./Core/Src/stm32h5xx_hal_timebase_tim.o
 .debug_aranges
                0x00000178       0xb0 ./Core/Src/stm32h5xx_it.o
 .debug_aranges
                0x00000228       0x28 ./Core/Src/system_stm32h5xx.o
 .debug_aranges
                0x00000250       0x28 ./Core/Startup/startup_stm32h562rgtx.o
 .debug_aranges
                0x00000278       0xe8 ./Drivers/OLED/ssd1306.o
 .debug_aranges
                0x00000360      0x200 ./Drivers/STM32H5xx_HAL_Driver/Src/stm32h5xx_hal.o
 .debug_aranges
                0x00000560      0x140 ./Drivers/STM32H5xx_HAL_Driver/Src/stm32h5xx_hal_cortex.o
 .debug_aranges
                0x000006a0       0xa0 ./Drivers/STM32H5xx_HAL_Driver/Src/stm32h5xx_hal_dma.o
 .debug_aranges
                0x00000740       0x78 ./Drivers/STM32H5xx_HAL_Driver/Src/stm32h5xx_hal_gpio.o
 .debug_aranges
                0x000007b8      0x2a0 ./Drivers/STM32H5xx_HAL_Driver/Src/stm32h5xx_hal_i2c.o
 .debug_aranges
                0x00000a58       0x40 ./Drivers/STM32H5xx_HAL_Driver/Src/stm32h5xx_hal_i2c_ex.o
 .debug_aranges
                0x00000a98       0xa8 ./Drivers/STM32H5xx_HAL_Driver/Src/stm32h5xx_hal_icache.o
 .debug_aranges
                0x00000b40      0x150 ./Drivers/STM32H5xx_HAL_Driver/Src/stm32h5xx_hal_pcd.o
 .debug_aranges
                0x00000c90       0x58 ./Drivers/STM32H5xx_HAL_Driver/Src/stm32h5xx_hal_pcd_ex.o
 .debug_aranges
                0x00000ce8      0x148 ./Drivers/STM32H5xx_HAL_Driver/Src/stm32h5xx_hal_pwr_ex.o
 .debug_aranges
                0x00000e30       0xa0 ./Drivers/STM32H5xx_HAL_Driver/Src/stm32h5xx_hal_rcc.o
 .debug_aranges
                0x00000ed0      0x108 ./Drivers/STM32H5xx_HAL_Driver/Src/stm32h5xx_hal_rcc_ex.o
 .debug_aranges
                0x00000fd8      0x3e8 ./Drivers/STM32H5xx_HAL_Driver/Src/stm32h5xx_hal_tim.o
 .debug_aranges
                0x000013c0      0x240 ./Drivers/STM32H5xx_HAL_Driver/Src/stm32h5xx_hal_tim_ex.o
 .debug_aranges
                0x00001600      0x248 ./Drivers/STM32H5xx_HAL_Driver/Src/stm32h5xx_hal_uart.o
 .debug_aranges
                0x00001848       0xa8 ./Drivers/STM32H5xx_HAL_Driver/Src/stm32h5xx_hal_uart_ex.o
 .debug_aranges
                0x000018f0      0x130 ./Drivers/STM32H5xx_HAL_Driver/Src/stm32h5xx_ll_usb.o
 .debug_aranges
                0x00001a20      0x2b8 ./Middlewares/Third_Party/FreeRTOS/Source/CMSIS_RTOS_V2/cmsis_os2.o
 .debug_aranges
                0x00001cd8       0x40 ./Middlewares/Third_Party/FreeRTOS/Source/list.o
 .debug_aranges
                0x00001d18      0x158 ./Middlewares/Third_Party/FreeRTOS/Source/queue.o
 .debug_aranges
                0x00001e70      0x208 ./Middlewares/Third_Party/FreeRTOS/Source/tasks.o
 .debug_aranges
                0x00002078      0x100 ./Middlewares/Third_Party/FreeRTOS/Source/timers.o
 .debug_aranges
                0x00002178       0x70 ./Middlewares/Third_Party/FreeRTOS/Source/portable/GCC/ARM_CM33_NTZ/non_secure/port.o
 .debug_aranges
                0x000021e8       0x60 ./Middlewares/Third_Party/FreeRTOS/Source/portable/GCC/ARM_CM33_NTZ/non_secure/portasm.o
 .debug_aranges
                0x00002248       0x38 ./Middlewares/Third_Party/FreeRTOS/Source/portable/MemMang/heap_1.o

.debug_rnglists
                0x00000000     0x1ad0
 .debug_rnglists
                0x00000000       0x32 ./Core/Src/app_freertos.o
 .debug_rnglists
                0x00000032       0x76 ./Core/Src/main.o
 .debug_rnglists
                0x000000a8       0x50 ./Core/Src/stm32h5xx_hal_msp.o
 .debug_rnglists
                0x000000f8       0x20 ./Core/Src/stm32h5xx_hal_timebase_tim.o
 .debug_rnglists
                0x00000118       0x7f ./Core/Src/stm32h5xx_it.o
 .debug_rnglists
                0x00000197       0x1b ./Core/Src/system_stm32h5xx.o
 .debug_rnglists
                0x000001b2       0x19 ./Core/Startup/startup_stm32h562rgtx.o
 .debug_rnglists
                0x000001cb       0xb4 ./Drivers/OLED/ssd1306.o
 .debug_rnglists
                0x0000027f      0x17d ./Drivers/STM32H5xx_HAL_Driver/Src/stm32h5xx_hal.o
 .debug_rnglists
                0x000003fc       0xec ./Drivers/STM32H5xx_HAL_Driver/Src/stm32h5xx_hal_cortex.o
 .debug_rnglists
                0x000004e8       0x7e ./Drivers/STM32H5xx_HAL_Driver/Src/stm32h5xx_hal_dma.o
 .debug_rnglists
                0x00000566       0x57 ./Drivers/STM32H5xx_HAL_Driver/Src/stm32h5xx_hal_gpio.o
 .debug_rnglists
                0x000005bd      0x228 ./Drivers/STM32H5xx_HAL_Driver/Src/stm32h5xx_hal_i2c.o
 .debug_rnglists
                0x000007e5       0x30 ./Drivers/STM32H5xx_HAL_Driver/Src/stm32h5xx_hal_i2c_ex.o
 .debug_rnglists
                0x00000815       0x7a ./Drivers/STM32H5xx_HAL_Driver/Src/stm32h5xx_hal_icache.o
 .debug_rnglists
                0x0000088f      0x100 ./Drivers/STM32H5xx_HAL_Driver/Src/stm32h5xx_hal_pcd.o
 .debug_rnglists
                0x0000098f       0x3f ./Drivers/STM32H5xx_HAL_Driver/Src/stm32h5xx_hal_pcd_ex.o
 .debug_rnglists
                0x000009ce       0xf3 ./Drivers/STM32H5xx_HAL_Driver/Src/stm32h5xx_hal_pwr_ex.o
 .debug_rnglists
                0x00000ac1       0x79 ./Drivers/STM32H5xx_HAL_Driver/Src/stm32h5xx_hal_rcc.o
 .debug_rnglists
                0x00000b3a       0xcf ./Drivers/STM32H5xx_HAL_Driver/Src/stm32h5xx_hal_rcc_ex.o
 .debug_rnglists
                0x00000c09      0x32e ./Drivers/STM32H5xx_HAL_Driver/Src/stm32h5xx_hal_tim.o
 .debug_rnglists
                0x00000f37      0x1cb ./Drivers/STM32H5xx_HAL_Driver/Src/stm32h5xx_hal_tim_ex.o
 .debug_rnglists
                0x00001102      0x1fb ./Drivers/STM32H5xx_HAL_Driver/Src/stm32h5xx_hal_uart.o
 .debug_rnglists
                0x000012fd       0x7f ./Drivers/STM32H5xx_HAL_Driver/Src/stm32h5xx_hal_uart_ex.o
 .debug_rnglists
                0x0000137c       0xeb ./Drivers/STM32H5xx_HAL_Driver/Src/stm32h5xx_ll_usb.o
 .debug_rnglists
                0x00001467      0x218 ./Middlewares/Third_Party/FreeRTOS/Source/CMSIS_RTOS_V2/cmsis_os2.o
 .debug_rnglists
                0x0000167f       0x2b ./Middlewares/Third_Party/FreeRTOS/Source/list.o
 .debug_rnglists
                0x000016aa      0x10b ./Middlewares/Third_Party/FreeRTOS/Source/queue.o
 .debug_rnglists
                0x000017b5      0x1a1 ./Middlewares/Third_Party/FreeRTOS/Source/tasks.o
 .debug_rnglists
                0x00001956       0xc1 ./Middlewares/Third_Party/FreeRTOS/Source/timers.o
 .debug_rnglists
                0x00001a17       0x50 ./Middlewares/Third_Party/FreeRTOS/Source/portable/GCC/ARM_CM33_NTZ/non_secure/port.o
 .debug_rnglists
                0x00001a67       0x43 ./Middlewares/Third_Party/FreeRTOS/Source/portable/GCC/ARM_CM33_NTZ/non_secure/portasm.o
 .debug_rnglists
                0x00001aaa       0x26 ./Middlewares/Third_Party/FreeRTOS/Source/portable/MemMang/heap_1.o

.debug_macro    0x00000000    0x32cef
 .debug_macro   0x00000000      0x3cd ./Core/Src/app_freertos.o
 .debug_macro   0x000003cd      0xaba ./Core/Src/app_freertos.o
 .debug_macro   0x00000e87      0x189 ./Core/Src/app_freertos.o
 .debug_macro   0x00001010       0x22 ./Core/Src/app_freertos.o
 .debug_macro   0x00001032       0x8e ./Core/Src/app_freertos.o
 .debug_macro   0x000010c0       0x51 ./Core/Src/app_freertos.o
 .debug_macro   0x00001111      0x103 ./Core/Src/app_freertos.o
 .debug_macro   0x00001214       0x6a ./Core/Src/app_freertos.o
 .debug_macro   0x0000127e      0x1df ./Core/Src/app_freertos.o
 .debug_macro   0x0000145d      0x18d ./Core/Src/app_freertos.o
 .debug_macro   0x000015ea      0x15a ./Core/Src/app_freertos.o
 .debug_macro   0x00001744      0x1a5 ./Core/Src/app_freertos.o
 .debug_macro   0x000018e9       0x1c ./Core/Src/app_freertos.o
 .debug_macro   0x00001905       0x10 ./Core/Src/app_freertos.o
 .debug_macro   0x00001915       0x1f ./Core/Src/app_freertos.o
 .debug_macro   0x00001934       0x12 ./Core/Src/app_freertos.o
 .debug_macro   0x00001946      0x4c4 ./Core/Src/app_freertos.o
 .debug_macro   0x00001e0a       0xc3 ./Core/Src/app_freertos.o
 .debug_macro   0x00001ecd      0x120 ./Core/Src/app_freertos.o
 .debug_macro   0x00001fed      0x1dc ./Core/Src/app_freertos.o
 .debug_macro   0x000021c9       0x61 ./Core/Src/app_freertos.o
 .debug_macro   0x0000222a       0x2a ./Core/Src/app_freertos.o
 .debug_macro   0x00002254       0x43 ./Core/Src/app_freertos.o
 .debug_macro   0x00002297       0x34 ./Core/Src/app_freertos.o
 .debug_macro   0x000022cb       0x16 ./Core/Src/app_freertos.o
 .debug_macro   0x000022e1       0x43 ./Core/Src/app_freertos.o
 .debug_macro   0x00002324       0x34 ./Core/Src/app_freertos.o