../Core/Src/stm32h5xx_hal_msp.c:78:6:HAL_MspInit	8	static
../Core/Src/stm32h5xx_hal_msp.c:100:6:HAL_I2C_MspInit	312	static
../Core/Src/stm32h5xx_hal_msp.c:147:6:HAL_I2C_MspDeInit	16	static
../Core/Src/stm32h5xx_hal_msp.c:178:6:HAL_TIM_Base_MspInit	32	static
../Core/Src/stm32h5xx_hal_msp.c:251:6:HAL_TIM_MspPostInit	48	static
../Core/Src/stm32h5xx_hal_msp.c:303:6:HAL_TIM_Base_MspDeInit	16	static
../Core/Src/stm32h5xx_hal_msp.c:356:6:HAL_UART_MspInit	328	static
../Core/Src/stm32h5xx_hal_msp.c:645:6:HAL_UART_MspDeInit	16	static
../Core/Src/stm32h5xx_hal_msp.c:728:6:HAL_PCD_MspInit	288	static
../Core/Src/stm32h5xx_hal_msp.c:764:6:HAL_PCD_MspDeInit	16	static
