../Core/Src/stm32h5xx_it.c:82:6:NMI_Handler	4	static
../Core/Src/stm32h5xx_it.c:97:6:HardFault_Handler	4	static
../Core/Src/stm32h5xx_it.c:112:6:MemManage_Handler	4	static
../Core/Src/stm32h5xx_it.c:127:6:BusFault_Handler	4	static
../Core/Src/stm32h5xx_it.c:142:6:UsageFault_Handler	4	static
../Core/Src/stm32h5xx_it.c:157:6:DebugMon_Handler	4	static
../Core/Src/stm32h5xx_it.c:177:6:GPDMA1_Channel0_IRQHandler	8	static
../Core/Src/stm32h5xx_it.c:191:6:GPDMA1_Channel1_IRQHandler	8	static
../Core/Src/stm32h5xx_it.c:205:6:GPDMA1_Channel2_IRQHandler	8	static
../Core/Src/stm32h5xx_it.c:219:6:GPDMA1_Channel3_IRQHandler	8	static
../Core/Src/stm32h5xx_it.c:233:6:GPDMA1_Channel4_IRQHandler	8	static
../Core/Src/stm32h5xx_it.c:247:6:GPDMA1_Channel5_IRQHandler	8	static
../Core/Src/stm32h5xx_it.c:261:6:TIM1_UP_IRQHandler	8	static
../Core/Src/stm32h5xx_it.c:275:6:TIM2_IRQHandler	8	static
../Core/Src/stm32h5xx_it.c:289:6:TIM4_IRQHandler	8	static
../Core/Src/stm32h5xx_it.c:303:6:USART1_IRQHandler	8	static
../Core/Src/stm32h5xx_it.c:317:6:USART2_IRQHandler	8	static
../Core/Src/stm32h5xx_it.c:331:6:USART3_IRQHandler	8	static
../Core/Src/stm32h5xx_it.c:345:6:GPDMA2_Channel0_IRQHandler	8	static
